0 verbose cli /usr/local/bin/node /usr/local/bin/npm
1 info using npm@10.8.2
2 info using node@v22.23.2
3 silly config load:file:/usr/local/lib/node_modules/npm/npmrc
4 silly config load:file:/workspace/frontend/.npmrc
5 silly config load:file:/home/node/.npmrc
6 silly config load:file:/usr/local/etc/npmrc
7 verbose title npm install
8 verbose argv "install" "--no-audit" "--no-fund" "--cache" "/workspace/.npm-cache"
9 verbose logfile logs-max:10 dir:/workspace/.npm-cache/_logs/2026-09-24T10_32_31_674Z-
10 verbose logfile /workspace/.npm-cache/_logs/2026-09-24T10_32_31_674Z-debug-0.log
11 silly packumentCache heap:4345298944 maxSize:1086324736 maxEntrySize:543162368
12 silly logfile done cleaning log files
13 silly idealTree buildDeps
14 silly fetch manifest react@^18.3.1
15 silly packumentCache full:https://registry.npmjs.org/react cache-miss
16 http fetch GET 200 https://registry.npmjs.org/npm 613ms
17 http fetch GET 200 https://registry.npmjs.org/react 751ms (cache miss)
18 silly packumentCache full:https://registry.npmjs.org/react set size:undefined disposed:false
19 silly fetch manifest react-dom@^18.3.1
20 silly packumentCache full:https://registry.npmjs.org/react-dom cache-miss
21 http fetch GET 200 https://registry.npmjs.org/react-dom 470ms (cache miss)
22 silly packumentCache full:https://registry.npmjs.org/react-dom set size:undefined disposed:false
23 silly fetch manifest @types/react@^18.3.18
24 silly packumentCache full:https://registry.npmjs.org/@types%2freact cache-miss
25 http fetch GET 200 https://registry.npmjs.org/@types%2freact 226ms (cache miss)
26 silly packumentCache full:https://registry.npmjs.org/@types%2freact set size:undefined disposed:false
27 silly fetch manifest @types/react-dom@^18.3.5
28 silly packumentCache full:https://registry.npmjs.org/@types%2freact-dom cache-miss
29 http fetch GET 200 https://registry.npmjs.org/@types%2freact-dom 171ms (cache miss)
30 silly packumentCache full:https://registry.npmjs.org/@types%2freact-dom set size:undefined disposed:false
31 silly fetch manifest @vitejs/plugin-react@^4.3.4
32 silly packumentCache full:https://registry.npmjs.org/@vitejs%2fplugin-react cache-miss
33 http fetch GET 200 https://registry.npmjs.org/@vitejs%2fplugin-react 164ms (cache miss)
34 silly packumentCache full:https://registry.npmjs.org/@vitejs%2fplugin-react set size:undefined disposed:false
35 silly fetch manifest vite@^6.0.7
36 silly packumentCache full:https://registry.npmjs.org/vite cache-miss
37 http fetch GET 200 https://registry.npmjs.org/vite 2106ms (cache miss)
38 silly packumentCache full:https://registry.npmjs.org/vite set size:undefined disposed:false
39 silly fetch manifest @types/node@^18.0.0 || ^20.0.0 || >=22.0.0
40 silly packumentCache full:https://registry.npmjs.org/@types%2fnode cache-miss
41 http fetch GET 200 https://registry.npmjs.org/@types%2fnode 405ms (cache miss)
42 silly packumentCache full:https://registry.npmjs.org/@types%2fnode set size:undefined disposed:false
43 silly fetch manifest jiti@>=1.21.0
44 silly packumentCache full:https://registry.npmjs.org/jiti cache-miss
45 http fetch GET 200 https://registry.npmjs.org/jiti 192ms (cache miss)
46 silly packumentCache full:https://registry.npmjs.org/jiti set size:undefined disposed:false
47 silly fetch manifest less@*
48 silly packumentCache full:https://registry.npmjs.org/less cache-miss
49 http fetch GET 200 https://registry.npmjs.org/less 171ms (cache miss)
50 silly packumentCache full:https://registry.npmjs.org/less set size:undefined disposed:false
51 silly fetch manifest lightningcss@^1.21.0
52 silly packumentCache full:https://registry.npmjs.org/lightningcss cache-miss
53 http fetch GET 200 https://registry.npmjs.org/lightningcss 159ms (cache miss)
54 silly packumentCache full:https://registry.npmjs.org/lightningcss set size:undefined disposed:false
55 silly fetch manifest sass@*
56 silly packumentCache full:https://registry.npmjs.org/sass cache-miss
57 http fetch GET 200 https://registry.npmjs.org/sass 182ms (cache miss)
58 silly packumentCache full:https://registry.npmjs.org/sass set size:undefined disposed:false
59 silly fetch manifest sass-embedded@*
60 silly packumentCache full:https://registry.npmjs.org/sass-embedded cache-miss
61 http fetch GET 200 https://registry.npmjs.org/sass-embedded 154ms (cache miss)
62 silly packumentCache full:https://registry.npmjs.org/sass-embedded set size:undefined disposed:false
63 silly fetch manifest stylus@*
64 silly packumentCache full:https://registry.npmjs.org/stylus cache-miss
65 http fetch GET 200 https://registry.npmjs.org/stylus 152ms (cache miss)
66 silly packumentCache full:https://registry.npmjs.org/stylus set size:undefined disposed:false
67 silly fetch manifest sugarss@*
68 silly packumentCache full:https://registry.npmjs.org/sugarss cache-miss
69 http fetch GET 200 https://registry.npmjs.org/sugarss 134ms (cache miss)
70 silly packumentCache full:https://registry.npmjs.org/sugarss set size:undefined disposed:false
71 silly fetch manifest postcss@^8.3.3
72 silly packumentCache full:https://registry.npmjs.org/postcss cache-miss
73 http fetch GET 200 https://registry.npmjs.org/postcss 178ms (cache miss)
74 silly packumentCache full:https://registry.npmjs.org/postcss set size:undefined disposed:false
75 silly fetch manifest terser@^5.16.0
76 silly packumentCache full:https://registry.npmjs.org/terser cache-miss
77 http fetch GET 200 https://registry.npmjs.org/terser 203ms (cache miss)
78 silly packumentCache full:https://registry.npmjs.org/terser set size:undefined disposed:false
79 silly fetch manifest tsx@^4.8.1
80 silly packumentCache full:https://registry.npmjs.org/tsx cache-miss
81 http fetch GET 200 https://registry.npmjs.org/tsx 162ms (cache miss)
82 silly packumentCache full:https://registry.npmjs.org/tsx set size:undefined disposed:false
83 silly fetch manifest yaml@^2.4.2
84 silly packumentCache full:https://registry.npmjs.org/yaml cache-miss
85 http fetch GET 200 https://registry.npmjs.org/yaml 169ms (cache miss)
86 silly packumentCache full:https://registry.npmjs.org/yaml set size:undefined disposed:false
87 silly fetch manifest typescript@^5.6.3
88 silly packumentCache full:https://registry.npmjs.org/typescript cache-miss
89 http fetch GET 200 https://registry.npmjs.org/typescript 547ms (cache miss)
90 silly packumentCache full:https://registry.npmjs.org/typescript set size:undefined disposed:false
91 silly placeDep ROOT @types/react@18.3.31 OK for: insulation-diagnostic-frontend@1.0.0 want: ^18.3.18
92 silly placeDep ROOT @types/react-dom@18.3.7 OK for: insulation-diagnostic-frontend@1.0.0 want: ^18.3.5
93 silly placeDep ROOT @vitejs/plugin-react@4.7.0 OK for: insulation-diagnostic-frontend@1.0.0 want: ^4.3.4
94 silly placeDep ROOT vite@6.4.3 OK for: @vitejs/plugin-react@4.7.0 want: ^4.2.0 || ^5.0.0 || ^6.0.0 || ^7.0.0
95 silly placeDep ROOT react@18.3.1 OK for: insulation-diagnostic-frontend@1.0.0 want: ^18.3.1
96 silly placeDep ROOT react-dom@18.3.1 OK for: insulation-diagnostic-frontend@1.0.0 want: ^18.3.1
97 silly placeDep ROOT typescript@5.9.3 OK for: insulation-diagnostic-frontend@1.0.0 want: ^5.6.3
98 silly fetch manifest csstype@^3.2.2
99 silly packumentCache full:https://registry.npmjs.org/csstype cache-miss
100 silly fetch manifest @types/prop-types@*
101 silly packumentCache full:https://registry.npmjs.org/@types%2fprop-types cache-miss
102 silly fetch manifest @babel/core@^7.28.0
103 silly packumentCache full:https://registry.npmjs.org/@babel%2fcore cache-miss
104 silly fetch manifest react-refresh@^0.17.0
105 silly packumentCache full:https://registry.npmjs.org/react-refresh cache-miss
106 silly fetch manifest @types/babel__core@^7.20.5
107 silly packumentCache full:https://registry.npmjs.org/@types%2fbabel__core cache-miss
108 silly fetch manifest @rolldown/pluginutils@1.0.0-beta.27
109 silly packumentCache full:https://registry.npmjs.org/@rolldown%2fpluginutils cache-miss
110 silly fetch manifest @babel/plugin-transform-react-jsx-self@^7.27.1
111 silly packumentCache full:https://registry.npmjs.org/@babel%2fplugin-transform-react-jsx-self cache-miss
112 silly fetch manifest @babel/plugin-transform-react-jsx-source@^7.27.1
113 silly packumentCache full:https://registry.npmjs.org/@babel%2fplugin-transform-react-jsx-source cache-miss
114 silly fetch manifest fdir@^6.4.4
115 silly packumentCache full:https://registry.npmjs.org/fdir cache-miss
116 http fetch GET 200 https://registry.npmjs.org/csstype 145ms (cache miss)
117 silly packumentCache full:https://registry.npmjs.org/csstype set size:undefined disposed:false
118 silly fetch manifest rollup@^4.34.9
119 silly packumentCache full:https://registry.npmjs.org/rollup cache-miss
120 http fetch GET 200 https://registry.npmjs.org/@types%2fprop-types 157ms (cache miss)
121 silly packumentCache full:https://registry.npmjs.org/@types%2fprop-types set size:undefined disposed:false
122 silly fetch manifest esbuild@^0.25.0
123 silly packumentCache full:https://registry.npmjs.org/esbuild cache-miss
124 http fetch GET 200 https://registry.npmjs.org/esbuild 288ms (cache miss)
125 silly packumentCache full:https://registry.npmjs.org/esbuild set size:undefined disposed:false
126 silly fetch manifest postcss@^8.5.3
127 silly packumentCache full:https://registry.npmjs.org/postcss cache-miss
128 http fetch GET 200 https://registry.npmjs.org/@babel%2fplugin-transform-react-jsx-self 461ms (cache miss)
129 silly packumentCache full:https://registry.npmjs.org/@babel%2fplugin-transform-react-jsx-self set size:undefined disposed:false
130 silly fetch manifest picomatch@^4.0.2
131 silly packumentCache full:https://registry.npmjs.org/picomatch cache-miss
132 http fetch GET 200 https://registry.npmjs.org/postcss 19ms (cache hit)
133 silly packumentCache full:https://registry.npmjs.org/postcss set size:766699 disposed:false
134 silly fetch manifest tinyglobby@^0.2.13
135 silly packumentCache full:https://registry.npmjs.org/tinyglobby cache-miss
136 http fetch GET 200 https://registry.npmjs.org/@types%2fbabel__core 505ms (cache miss)
137 silly packumentCache full:https://registry.npmjs.org/@types%2fbabel__core set size:undefined disposed:false
138 silly fetch manifest fsevents@~2.3.3
139 silly packumentCache full:https://registry.npmjs.org/fsevents cache-miss
140 http fetch GET 200 https://registry.npmjs.org/@rolldown%2fpluginutils 524ms (cache miss)
141 silly packumentCache full:https://registry.npmjs.org/@rolldown%2fpluginutils set size:undefined disposed:false
142 silly fetch manifest loose-envify@^1.1.0
143 silly packumentCache full:https://registry.npmjs.org/loose-envify cache-miss
144 http fetch GET 200 https://registry.npmjs.org/@babel%2fplugin-transform-react-jsx-source 528ms (cache miss)
145 silly packumentCache full:https://registry.npmjs.org/@babel%2fplugin-transform-react-jsx-source set size:undefined disposed:false
146 silly fetch manifest scheduler@^0.23.2
147 silly packumentCache full:https://registry.npmjs.org/scheduler cache-miss
148 http fetch GET 200 https://registry.npmjs.org/fdir 537ms (cache miss)
149 silly packumentCache full:https://registry.npmjs.org/fdir set size:undefined disposed:false
150 silly fetch manifest loose-envify@^1.1.0
151 silly packumentCache full:https://registry.npmjs.org/loose-envify cache-miss
152 http fetch GET 200 https://registry.npmjs.org/rollup 407ms (cache miss)
153 silly packumentCache full:https://registry.npmjs.org/rollup set size:undefined disposed:false
154 http fetch GET 200 https://registry.npmjs.org/tinyglobby 135ms (cache miss)
155 silly packumentCache full:https://registry.npmjs.org/tinyglobby set size:undefined disposed:false
156 http fetch GET 200 https://registry.npmjs.org/picomatch 152ms (cache miss)
157 silly packumentCache full:https://registry.npmjs.org/picomatch set size:undefined disposed:false
158 http fetch GET 200 https://registry.npmjs.org/@babel%2fcore 617ms (cache miss)
159 silly packumentCache full:https://registry.npmjs.org/@babel%2fcore set size:undefined disposed:false
160 http fetch GET 200 https://registry.npmjs.org/loose-envify 113ms (cache miss)
161 silly packumentCache full:https://registry.npmjs.org/loose-envify set size:undefined disposed:false
162 http fetch GET 200 https://registry.npmjs.org/loose-envify 111ms (cache miss)
163 silly packumentCache full:https://registry.npmjs.org/loose-envify set size:undefined disposed:false
164 http fetch GET 200 https://registry.npmjs.org/fsevents 148ms (cache miss)
165 silly packumentCache full:https://registry.npmjs.org/fsevents set size:undefined disposed:false
166 http fetch GET 200 https://registry.npmjs.org/react-refresh 818ms (cache miss)
167 silly packumentCache full:https://registry.npmjs.org/react-refresh set size:undefined disposed:false
168 http fetch GET 200 https://registry.npmjs.org/scheduler 439ms (cache miss)
169 silly packumentCache full:https://registry.npmjs.org/scheduler set size:undefined disposed:false
170 silly placeDep ROOT @types/prop-types@15.7.15 OK for: @types/react@18.3.31 want: *
171 silly placeDep ROOT csstype@3.2.3 OK for: @types/react@18.3.31 want: ^3.2.2
172 silly placeDep ROOT @babel/core@7.29.7 OK for: @vitejs/plugin-react@4.7.0 want: ^7.28.0
173 silly placeDep ROOT @babel/plugin-transform-react-jsx-self@7.29.7 OK for: @vitejs/plugin-react@4.7.0 want: ^7.27.1
174 silly placeDep ROOT @babel/plugin-transform-react-jsx-source@7.29.7 OK for: @vitejs/plugin-react@4.7.0 want: ^7.27.1
175 silly placeDep ROOT @rolldown/pluginutils@1.0.0-beta.27 OK for: @vitejs/plugin-react@4.7.0 want: 1.0.0-beta.27
176 silly placeDep ROOT @types/babel__core@7.20.5 OK for: @vitejs/plugin-react@4.7.0 want: ^7.20.5
177 silly placeDep ROOT react-refresh@0.17.0 OK for: @vitejs/plugin-react@4.7.0 want: ^0.17.0
178 silly fetch manifest debug@^4.1.0
179 silly packumentCache full:https://registry.npmjs.org/debug cache-miss
180 silly fetch manifest json5@^2.2.3
181 silly packumentCache full:https://registry.npmjs.org/json5 cache-miss
182 silly fetch manifest semver@^6.3.1
183 silly packumentCache full:https://registry.npmjs.org/semver cache-miss
184 silly fetch manifest gensync@^1.0.0-beta.2
185 silly packumentCache full:https://registry.npmjs.org/gensync cache-miss
186 silly fetch manifest @babel/types@^7.29.7
187 silly packumentCache full:https://registry.npmjs.org/@babel%2ftypes cache-miss
188 silly fetch manifest @babel/parser@^7.29.7
189 silly packumentCache full:https://registry.npmjs.org/@babel%2fparser cache-miss
190 silly fetch manifest @babel/helpers@^7.29.7
191 silly packumentCache full:https://registry.npmjs.org/@babel%2fhelpers cache-miss
192 silly fetch manifest @babel/template@^7.29.7
193 silly packumentCache full:https://registry.npmjs.org/@babel%2ftemplate cache-miss
194 silly fetch manifest @babel/traverse@^7.29.7
195 silly packumentCache full:https://registry.npmjs.org/@babel%2ftraverse cache-miss
196 http fetch GET 200 https://registry.npmjs.org/gensync 142ms (cache miss)
197 silly packumentCache full:https://registry.npmjs.org/gensync set size:undefined disposed:false
198 silly fetch manifest @babel/generator@^7.29.7
199 silly packumentCache full:https://registry.npmjs.org/@babel%2fgenerator cache-miss
200 http fetch GET 200 https://registry.npmjs.org/json5 150ms (cache miss)
201 silly packumentCache full:https://registry.npmjs.org/json5 set size:undefined disposed:false
202 silly fetch manifest @babel/code-frame@^7.29.7
203 silly packumentCache full:https://registry.npmjs.org/@babel%2fcode-frame cache-miss
204 http fetch GET 200 https://registry.npmjs.org/@babel%2ftraverse 172ms (cache miss)
205 silly packumentCache full:https://registry.npmjs.org/@babel%2ftraverse set size:undefined disposed:false
206 silly fetch manifest convert-source-map@^2.0.0
207 silly packumentCache full:https://registry.npmjs.org/convert-source-map cache-miss
208 http fetch GET 200 https://registry.npmjs.org/semver 208ms (cache miss)
209 silly packumentCache full:https://registry.npmjs.org/semver set size:undefined disposed:false
210 silly fetch manifest @jridgewell/remapping@^2.3.5
211 silly packumentCache full:https://registry.npmjs.org/@jridgewell%2fremapping cache-miss
212 http fetch GET 200 https://registry.npmjs.org/debug 217ms (cache miss)
213 silly packumentCache full:https://registry.npmjs.org/debug set size:undefined disposed:false
214 silly fetch manifest @babel/helper-module-transforms@^7.29.7
215 silly packumentCache full:https://registry.npmjs.org/@babel%2fhelper-module-transforms cache-miss
216 http fetch GET 200 https://registry.npmjs.org/@babel%2ftemplate 223ms (cache miss)
217 silly packumentCache full:https://registry.npmjs.org/@babel%2ftemplate set size:undefined disposed:false
218 silly fetch manifest @babel/helper-compilation-targets@^7.29.7
219 silly packumentCache full:https://registry.npmjs.org/@babel%2fhelper-compilation-targets cache-miss
220 http fetch GET 200 https://registry.npmjs.org/@babel%2fhelpers 234ms (cache miss)
221 silly packumentCache full:https://registry.npmjs.org/@babel%2fhelpers set size:undefined disposed:false
222 silly fetch manifest @babel/helper-plugin-utils@^7.29.7
223 silly packumentCache full:https://registry.npmjs.org/@babel%2fhelper-plugin-utils cache-miss
224 http fetch GET 200 https://registry.npmjs.org/@babel%2fparser 249ms (cache miss)
225 silly packumentCache full:https://registry.npmjs.org/@babel%2fparser set size:undefined disposed:false
226 silly fetch manifest @babel/helper-plugin-utils@^7.29.7
227 silly packumentCache full:https://registry.npmjs.org/@babel%2fhelper-plugin-utils cache-miss
228 http fetch GET 200 https://registry.npmjs.org/@babel%2ftypes 262ms (cache miss)
229 silly packumentCache full:https://registry.npmjs.org/@babel%2ftypes set size:undefined disposed:false
230 silly fetch manifest @babel/types@^7.20.7
231 silly packumentCache full:https://registry.npmjs.org/@babel%2ftypes cache-miss
232 http fetch GET 200 https://registry.npmjs.org/@babel%2ftypes 8ms (cache hit)
233 silly packumentCache full:https://registry.npmjs.org/@babel%2ftypes set size:507562 disposed:false
234 silly fetch manifest @babel/parser@^7.20.7
235 silly packumentCache full:https://registry.npmjs.org/@babel%2fparser cache-miss
236 http fetch GET 200 https://registry.npmjs.org/@babel%2fparser 12ms (cache hit)
237 silly packumentCache full:https://registry.npmjs.org/@babel%2fparser set size:745724 disposed:false
238 silly fetch manifest @types/babel__template@*
239 silly packumentCache full:https://registry.npmjs.org/@types%2fbabel__template cache-miss
240 http fetch GET 200 https://registry.npmjs.org/convert-source-map 140ms (cache miss)
241 silly packumentCache full:https://registry.npmjs.org/convert-source-map set size:undefined disposed:false
242 silly fetch manifest @types/babel__traverse@*
243 silly packumentCache full:https://registry.npmjs.org/@types%2fbabel__traverse cache-miss
244 http fetch GET 200 https://registry.npmjs.org/@babel%2fgenerator 186ms (cache miss)
245 silly packumentCache full:https://registry.npmjs.org/@babel%2fgenerator set size:undefined disposed:false
246 silly fetch manifest @types/babel__generator@*
247 silly packumentCache full:https://registry.npmjs.org/@types%2fbabel__generator cache-miss
248 http fetch GET 200 https://registry.npmjs.org/@babel%2fcode-frame 191ms (cache miss)
249 silly packumentCache full:https://registry.npmjs.org/@babel%2fcode-frame set size:undefined disposed:false
250 http fetch GET 200 https://registry.npmjs.org/@babel%2fhelper-compilation-targets 144ms (cache miss)
251 silly packumentCache full:https://registry.npmjs.org/@babel%2fhelper-compilation-targets set size:undefined disposed:false
252 http fetch GET 200 https://registry.npmjs.org/@babel%2fhelper-plugin-utils 139ms (cache miss)
253 silly packumentCache full:https://registry.npmjs.org/@babel%2fhelper-plugin-utils set size:undefined disposed:false
254 http fetch GET 200 https://registry.npmjs.org/@babel%2fhelper-plugin-utils 133ms (cache miss)
255 silly packumentCache full:https://registry.npmjs.org/@babel%2fhelper-plugin-utils set size:undefined disposed:false
256 http fetch GET 200 https://registry.npmjs.org/@babel%2fhelper-module-transforms 193ms (cache miss)
257 silly packumentCache full:https://registry.npmjs.org/@babel%2fhelper-module-transforms set size:undefined disposed:false
258 http fetch GET 200 https://registry.npmjs.org/@jridgewell%2fremapping 219ms (cache miss)
259 silly packumentCache full:https://registry.npmjs.org/@jridgewell%2fremapping set size:undefined disposed:false
260 http fetch GET 200 https://registry.npmjs.org/@types%2fbabel__template 127ms (cache miss)
261 silly packumentCache full:https://registry.npmjs.org/@types%2fbabel__template set size:undefined disposed:false
262 http fetch GET 200 https://registry.npmjs.org/@types%2fbabel__traverse 121ms (cache miss)
263 silly packumentCache full:https://registry.npmjs.org/@types%2fbabel__traverse set size:undefined disposed:false
264 http fetch GET 200 https://registry.npmjs.org/@types%2fbabel__generator 131ms (cache miss)
265 silly packumentCache full:https://registry.npmjs.org/@types%2fbabel__generator set size:undefined disposed:false
266 silly fetch manifest @babel/core@^7.0.0
267 silly packumentCache full:https://registry.npmjs.org/@babel%2fcore cache-miss
268 http fetch GET 200 https://registry.npmjs.org/@babel%2fcore 6ms (cache hit)
269 silly packumentCache full:https://registry.npmjs.org/@babel%2fcore set size:797193 disposed:false
270 silly placeDep ROOT @babel/code-frame@7.29.7 OK for: @babel/core@7.29.7 want: ^7.29.7
271 silly placeDep ROOT @babel/generator@7.29.8 OK for: @babel/core@7.29.7 want: ^7.29.7
272 silly placeDep ROOT @babel/helper-compilation-targets@7.29.7 OK for: @babel/core@7.29.7 want: ^7.29.7
273 silly placeDep ROOT @babel/helper-module-transforms@7.29.7 OK for: @babel/core@7.29.7 want: ^7.29.7
274 silly placeDep ROOT @babel/helpers@7.29.7 OK for: @babel/core@7.29.7 want: ^7.29.7
275 silly placeDep ROOT @babel/parser@7.29.9 OK for: @babel/core@7.29.7 want: ^7.29.7
276 silly placeDep ROOT @babel/template@7.29.7 OK for: @babel/core@7.29.7 want: ^7.29.7
277 silly placeDep ROOT @babel/traverse@7.29.8 OK for: @babel/core@7.29.7 want: ^7.29.7
278 silly placeDep ROOT @babel/types@7.29.8 OK for: @babel/core@7.29.7 want: ^7.29.7
279 silly placeDep ROOT @jridgewell/remapping@2.3.5 OK for: @babel/core@7.29.7 want: ^2.3.5
280 silly placeDep ROOT convert-source-map@2.0.0 OK for: @babel/core@7.29.7 want: ^2.0.0
281 silly placeDep ROOT debug@4.4.3 OK for: @babel/core@7.29.7 want: ^4.1.0
282 silly placeDep ROOT gensync@1.0.0-beta.2 OK for: @babel/core@7.29.7 want: ^1.0.0-beta.2
283 silly placeDep ROOT json5@2.2.3 OK for: @babel/core@7.29.7 want: ^2.2.3
284 silly placeDep ROOT semver@6.3.1 OK for: @babel/core@7.29.7 want: ^6.3.1
285 silly fetch manifest js-tokens@^4.0.0
286 silly packumentCache full:https://registry.npmjs.org/js-tokens cache-miss
287 silly fetch manifest picocolors@^1.1.1
288 silly packumentCache full:https://registry.npmjs.org/picocolors cache-miss
289 silly fetch manifest @babel/helper-validator-identifier@^7.29.7
290 silly packumentCache full:https://registry.npmjs.org/@babel%2fhelper-validator-identifier cache-miss
291 silly fetch manifest jsesc@^3.0.2
292 silly packumentCache full:https://registry.npmjs.org/jsesc cache-miss
293 silly fetch manifest @babel/types@^7.29.8
294 silly packumentCache full:https://registry.npmjs.org/@babel%2ftypes cache-hit
295 silly fetch manifest @babel/parser@^7.29.8
296 silly packumentCache full:https://registry.npmjs.org/@babel%2fparser cache-hit
297 silly fetch manifest @jridgewell/gen-mapping@^0.3.12
298 silly packumentCache full:https://registry.npmjs.org/@jridgewell%2fgen-mapping cache-miss
299 silly fetch manifest @jridgewell/trace-mapping@^0.3.28
300 silly packumentCache full:https://registry.npmjs.org/@jridgewell%2ftrace-mapping cache-miss
301 silly fetch manifest lru-cache@^5.1.1
302 silly packumentCache full:https://registry.npmjs.org/lru-cache cache-miss
303 silly fetch manifest browserslist@^4.24.0
304 silly packumentCache full:https://registry.npmjs.org/browserslist cache-miss
305 silly fetch manifest @babel/compat-data@^7.29.7
306 silly packumentCache full:https://registry.npmjs.org/@babel%2fcompat-data cache-miss
307 http fetch GET 200 https://registry.npmjs.org/picocolors 139ms (cache miss)
308 silly packumentCache full:https://registry.npmjs.org/picocolors set size:undefined disposed:false
309 silly fetch manifest @babel/helper-validator-option@^7.29.7
310 silly packumentCache full:https://registry.npmjs.org/@babel%2fhelper-validator-option cache-miss
311 http fetch GET 200 https://registry.npmjs.org/jsesc 163ms (cache miss)
312 silly packumentCache full:https://registry.npmjs.org/jsesc set size:undefined disposed:false
313 silly fetch manifest @babel/helper-module-imports@^7.29.7
314 silly packumentCache full:https://registry.npmjs.org/@babel%2fhelper-module-imports cache-miss
315 http fetch GET 200 https://registry.npmjs.org/js-tokens 169ms (cache miss)
316 silly packumentCache full:https://registry.npmjs.org/js-tokens set size:undefined disposed:false
317 silly fetch manifest @babel/helper-validator-identifier@^7.29.7
318 silly packumentCache full:https://registry.npmjs.org/@babel%2fhelper-validator-identifier cache-miss
319 http fetch GET 200 https://registry.npmjs.org/@babel%2fhelper-validator-identifier 170ms (cache miss)
320 silly packumentCache full:https://registry.npmjs.org/@babel%2fhelper-validator-identifier set size:undefined disposed:false
321 silly fetch manifest debug@^4.3.1
322 silly packumentCache full:https://registry.npmjs.org/debug cache-miss
323 http fetch GET 200 https://registry.npmjs.org/@jridgewell%2fgen-mapping 175ms (cache miss)
324 silly packumentCache full:https://registry.npmjs.org/@jridgewell%2fgen-mapping set size:undefined disposed:false
325 silly fetch manifest @babel/helper-globals@^7.29.7
326 silly packumentCache full:https://registry.npmjs.org/@babel%2fhelper-globals cache-miss
327 http fetch GET 200 https://registry.npmjs.org/browserslist 181ms (cache miss)
328 silly packumentCache full:https://registry.npmjs.org/browserslist set size:undefined disposed:false
329 silly fetch manifest @babel/helper-string-parser@^7.29.7
330 silly packumentCache full:https://registry.npmjs.org/@babel%2fhelper-string-parser cache-miss
331 http fetch GET 200 https://registry.npmjs.org/@babel%2fhelper-validator-identifier 24ms (cache hit)
332 silly packumentCache full:https://registry.npmjs.org/@babel%2fhelper-validator-identifier set size:132572 disposed:false
333 silly fetch manifest @jridgewell/gen-mapping@^0.3.5
334 silly packumentCache full:https://registry.npmjs.org/@jridgewell%2fgen-mapping cache-miss
335 http fetch GET 200 https://registry.npmjs.org/debug 26ms (cache hit)
336 silly packumentCache full:https://registry.npmjs.org/debug set size:195840 disposed:false
337 silly fetch manifest @jridgewell/trace-mapping@^0.3.24
338 silly packumentCache full:https://registry.npmjs.org/@jridgewell%2ftrace-mapping cache-miss
339 http fetch GET 200 https://registry.npmjs.org/@babel%2fcompat-data 199ms (cache miss)
340 silly packumentCache full:https://registry.npmjs.org/@babel%2fcompat-data set size:undefined disposed:false
341 silly fetch manifest ms@^2.1.3
342 silly packumentCache full:https://registry.npmjs.org/ms cache-miss
343 http fetch GET 200 https://registry.npmjs.org/lru-cache 209ms (cache miss)
344 silly packumentCache full:https://registry.npmjs.org/lru-cache set size:undefined disposed:false
345 http fetch GET 200 https://registry.npmjs.org/@jridgewell%2fgen-mapping 34ms (cache hit)
346 silly packumentCache full:https://registry.npmjs.org/@jridgewell%2fgen-mapping set size:75941 disposed:false
347 http fetch GET 200 https://registry.npmjs.org/@jridgewell%2ftrace-mapping 245ms (cache miss)
348 silly packumentCache full:https://registry.npmjs.org/@jridgewell%2ftrace-mapping set size:undefined disposed:false
349 http fetch GET 200 https://registry.npmjs.org/@babel%2fhelper-validator-option 176ms (cache miss)
350 silly packumentCache full:https://registry.npmjs.org/@babel%2fhelper-validator-option set size:undefined disposed:false
351 http fetch GET 200 https://registry.npmjs.org/@babel%2fhelper-globals 154ms (cache miss)
352 silly packumentCache full:https://registry.npmjs.org/@babel%2fhelper-globals set size:undefined disposed:false
353 http fetch GET 200 https://registry.npmjs.org/@babel%2fhelper-string-parser 151ms (cache miss)
354 silly packumentCache full:https://registry.npmjs.org/@babel%2fhelper-string-parser set size:undefined disposed:false
355 http fetch GET 200 https://registry.npmjs.org/@babel%2fhelper-module-imports 182ms (cache miss)
356 silly packumentCache full:https://registry.npmjs.org/@babel%2fhelper-module-imports set size:undefined disposed:false
357 http fetch GET 200 https://registry.npmjs.org/@jridgewell%2ftrace-mapping 150ms (cache miss)
358 silly packumentCache full:https://registry.npmjs.org/@jridgewell%2ftrace-mapping set size:undefined disposed:false
359 http fetch GET 200 https://registry.npmjs.org/ms 172ms (cache miss)
360 silly packumentCache full:https://registry.npmjs.org/ms set size:undefined disposed:false
361 silly placeDep ROOT @babel/helper-validator-identifier@7.29.7 OK for: @babel/code-frame@7.29.7 want: ^7.29.7
362 silly placeDep ROOT js-tokens@4.0.0 OK for: @babel/code-frame@7.29.7 want: ^4.0.0
363 silly placeDep ROOT picocolors@1.1.1 OK for: @babel/code-frame@7.29.7 want: ^1.1.1
364 silly placeDep ROOT @jridgewell/gen-mapping@0.3.13 OK for: @babel/generator@7.29.8 want: ^0.3.12
365 silly placeDep ROOT @jridgewell/trace-mapping@0.3.31 OK for: @babel/generator@7.29.8 want: ^0.3.28
366 silly placeDep ROOT jsesc@3.1.0 OK for: @babel/generator@7.29.8 want: ^3.0.2
367 silly fetch manifest @jridgewell/sourcemap-codec@^1.5.0
368 silly packumentCache full:https://registry.npmjs.org/@jridgewell%2fsourcemap-codec cache-miss
369 silly fetch manifest @jridgewell/resolve-uri@^3.1.0
370 silly packumentCache full:https://registry.npmjs.org/@jridgewell%2fresolve-uri cache-miss
371 silly fetch manifest @jridgewell/sourcemap-codec@^1.4.14
372 silly packumentCache full:https://registry.npmjs.org/@jridgewell%2fsourcemap-codec cache-miss
373 http fetch GET 200 https://registry.npmjs.org/@jridgewell%2fsourcemap-codec 131ms (cache miss)
374 silly packumentCache full:https://registry.npmjs.org/@jridgewell%2fsourcemap-codec set size:undefined disposed:false
375 http fetch GET 200 https://registry.npmjs.org/@jridgewell%2fresolve-uri 130ms (cache miss)
376 silly packumentCache full:https://registry.npmjs.org/@jridgewell%2fresolve-uri set size:undefined disposed:false
377 http fetch GET 200 https://registry.npmjs.org/@jridgewell%2fsourcemap-codec 149ms (cache miss)
378 silly packumentCache full:https://registry.npmjs.org/@jridgewell%2fsourcemap-codec set size:undefined disposed:false
379 silly placeDep ROOT @babel/compat-data@7.29.7 OK for: @babel/helper-compilation-targets@7.29.7 want: ^7.29.7
380 silly placeDep ROOT @babel/helper-validator-option@7.29.7 OK for: @babel/helper-compilation-targets@7.29.7 want: ^7.29.7
381 silly placeDep ROOT browserslist@4.29.0 OK for: @babel/helper-compilation-targets@7.29.7 want: ^4.24.0
382 silly placeDep ROOT lru-cache@5.1.1 OK for: @babel/helper-compilation-targets@7.29.7 want: ^5.1.1
383 silly fetch manifest caniuse-lite@^1.0.30001810
384 silly packumentCache full:https://registry.npmjs.org/caniuse-lite cache-miss
385 silly fetch manifest node-releases@^2.0.55
386 silly packumentCache full:https://registry.npmjs.org/node-releases cache-miss
387 silly fetch manifest electron-to-chromium@^1.5.427
388 silly packumentCache full:https://registry.npmjs.org/electron-to-chromium cache-miss
389 silly fetch manifest update-browserslist-db@^1.3.3
390 silly packumentCache full:https://registry.npmjs.org/update-browserslist-db cache-miss
391 silly fetch manifest baseline-browser-mapping@^2.11.23
392 silly packumentCache full:https://registry.npmjs.org/baseline-browser-mapping cache-miss
393 silly fetch manifest yallist@^3.0.2
394 silly packumentCache full:https://registry.npmjs.org/yallist cache-miss
395 http fetch GET 200 https://registry.npmjs.org/yallist 233ms (cache miss)
396 silly packumentCache full:https://registry.npmjs.org/yallist set size:undefined disposed:false
397 http fetch GET 200 https://registry.npmjs.org/update-browserslist-db 237ms (cache miss)
398 silly packumentCache full:https://registry.npmjs.org/update-browserslist-db set size:undefined disposed:false
399 http fetch GET 200 https://registry.npmjs.org/node-releases 242ms (cache miss)
400 silly packumentCache full:https://registry.npmjs.org/node-releases set size:undefined disposed:false
401 http fetch GET 200 https://registry.npmjs.org/baseline-browser-mapping 263ms (cache miss)
402 silly packumentCache full:https://registry.npmjs.org/baseline-browser-mapping set size:undefined disposed:false
403 http fetch GET 200 https://registry.npmjs.org/caniuse-lite 372ms (cache miss)
404 silly packumentCache full:https://registry.npmjs.org/caniuse-lite set size:undefined disposed:false
405 http fetch GET 200 https://registry.npmjs.org/electron-to-chromium 453ms (cache miss)
406 silly packumentCache full:https://registry.npmjs.org/electron-to-chromium set size:undefined disposed:false
407 silly placeDep ROOT @babel/helper-module-imports@7.29.7 OK for: @babel/helper-module-transforms@7.29.7 want: ^7.29.7
408 silly placeDep ROOT @babel/helper-plugin-utils@7.29.7 OK for: @babel/plugin-transform-react-jsx-self@7.29.7 want: ^7.29.7
409 silly placeDep ROOT @babel/helper-globals@7.29.7 OK for: @babel/traverse@7.29.8 want: ^7.29.7
410 silly placeDep ROOT @babel/helper-string-parser@7.29.7 OK for: @babel/types@7.29.8 want: ^7.29.7
411 silly placeDep ROOT @jridgewell/sourcemap-codec@1.6.0 OK for: @jridgewell/gen-mapping@0.3.13 want: ^1.5.0
412 silly placeDep ROOT @jridgewell/resolve-uri@3.1.2 OK for: @jridgewell/trace-mapping@0.3.31 want: ^3.1.0
413 silly placeDep ROOT @types/babel__generator@7.27.0 OK for: @types/babel__core@7.20.5 want: *
414 silly placeDep ROOT @types/babel__template@7.4.4 OK for: @types/babel__core@7.20.5 want: *
415 silly placeDep ROOT @types/babel__traverse@7.28.0 OK for: @types/babel__core@7.20.5 want: *
416 silly fetch manifest browserslist@>= 4.21.0
417 silly packumentCache full:https://registry.npmjs.org/browserslist cache-miss
418 http fetch GET 200 https://registry.npmjs.org/browserslist 16ms (cache hit)
419 silly packumentCache full:https://registry.npmjs.org/browserslist set size:523370 disposed:false
420 silly placeDep ROOT baseline-browser-mapping@2.11.25 OK for: browserslist@4.29.0 want: ^2.11.23
421 silly placeDep ROOT caniuse-lite@1.0.30001812 OK for: browserslist@4.29.0 want: ^1.0.30001810
422 silly placeDep ROOT electron-to-chromium@1.5.438 OK for: browserslist@4.29.0 want: ^1.5.427
423 silly placeDep ROOT node-releases@2.0.57 OK for: browserslist@4.29.0 want: ^2.0.55
424 silly placeDep ROOT update-browserslist-db@1.3.3 OK for: browserslist@4.29.0 want: ^1.3.3
425 silly fetch manifest escalade@^3.2.0
426 silly packumentCache full:https://registry.npmjs.org/escalade cache-miss
427 http fetch GET 200 https://registry.npmjs.org/escalade 121ms (cache miss)
428 silly packumentCache full:https://registry.npmjs.org/escalade set size:undefined disposed:false
429 silly placeDep ROOT ms@2.1.3 OK for: debug@4.4.3 want: ^2.1.3
430 silly placeDep ROOT yallist@3.1.1 OK for: lru-cache@5.1.1 want: ^3.0.2
431 silly placeDep ROOT loose-envify@1.4.0 OK for: react@18.3.1 want: ^1.1.0
432 silly placeDep ROOT scheduler@0.23.2 OK for: react-dom@18.3.1 want: ^0.23.2
433 silly placeDep ROOT escalade@3.2.0 OK for: update-browserslist-db@1.3.3 want: ^3.2.0
434 silly placeDep ROOT esbuild@0.25.12 OK for: vite@6.4.3 want: ^0.25.0
435 silly placeDep ROOT fdir@6.5.0 OK for: vite@6.4.3 want: ^6.4.4
436 silly placeDep ROOT fsevents@2.3.3 OK for: vite@6.4.3 want: ~2.3.3
437 silly placeDep ROOT picomatch@4.0.7 OK for: vite@6.4.3 want: ^4.0.2
438 silly placeDep ROOT postcss@8.5.28 OK for: vite@6.4.3 want: ^8.5.3
439 silly placeDep ROOT rollup@4.63.5 OK for: vite@6.4.3 want: ^4.34.9
440 silly placeDep ROOT tinyglobby@0.2.17 OK for: vite@6.4.3 want: ^0.2.13
441 silly fetch manifest @esbuild/aix-ppc64@0.25.12
442 silly packumentCache full:https://registry.npmjs.org/@esbuild%2faix-ppc64 cache-miss
443 silly fetch manifest @esbuild/linux-arm@0.25.12
444 silly packumentCache full:https://registry.npmjs.org/@esbuild%2flinux-arm cache-miss
445 silly fetch manifest @esbuild/linux-x64@0.25.12
446 silly packumentCache full:https://registry.npmjs.org/@esbuild%2flinux-x64 cache-miss
447 silly fetch manifest @esbuild/sunos-x64@0.25.12
448 silly packumentCache full:https://registry.npmjs.org/@esbuild%2fsunos-x64 cache-miss
449 silly fetch manifest @esbuild/win32-x64@0.25.12
450 silly packumentCache full:https://registry.npmjs.org/@esbuild%2fwin32-x64 cache-miss
451 silly fetch manifest @esbuild/darwin-x64@0.25.12
452 silly packumentCache full:https://registry.npmjs.org/@esbuild%2fdarwin-x64 cache-miss
453 silly fetch manifest @esbuild/linux-ia32@0.25.12
454 silly packumentCache full:https://registry.npmjs.org/@esbuild%2flinux-ia32 cache-miss
455 silly fetch manifest @esbuild/netbsd-x64@0.25.12
456 silly packumentCache full:https://registry.npmjs.org/@esbuild%2fnetbsd-x64 cache-miss
457 silly fetch manifest @esbuild/win32-ia32@0.25.12
458 silly packumentCache full:https://registry.npmjs.org/@esbuild%2fwin32-ia32 cache-miss
459 http fetch GET 200 https://registry.npmjs.org/@esbuild%2fnetbsd-x64 137ms (cache miss)
460 silly packumentCache full:https://registry.npmjs.org/@esbuild%2fnetbsd-x64 set size:undefined disposed:false
461 silly fetch manifest @esbuild/android-arm@0.25.12
462 silly packumentCache full:https://registry.npmjs.org/@esbuild%2fandroid-arm cache-miss
463 http fetch GET 200 https://registry.npmjs.org/@esbuild%2fwin32-x64 159ms (cache miss)
464 silly packumentCache full:https://registry.npmjs.org/@esbuild%2fwin32-x64 set size:undefined disposed:false
465 silly fetch manifest @esbuild/android-x64@0.25.12
466 silly packumentCache full:https://registry.npmjs.org/@esbuild%2fandroid-x64 cache-miss
467 http fetch GET 200 https://registry.npmjs.org/@esbuild%2faix-ppc64 174ms (cache miss)
468 silly packumentCache full:https://registry.npmjs.org/@esbuild%2faix-ppc64 set size:undefined disposed:false
469 silly fetch manifest @esbuild/freebsd-x64@0.25.12
470 silly packumentCache full:https://registry.npmjs.org/@esbuild%2ffreebsd-x64 cache-miss
471 http fetch GET 200 https://registry.npmjs.org/@esbuild%2fsunos-x64 180ms (cache miss)
472 silly packumentCache full:https://registry.npmjs.org/@esbuild%2fsunos-x64 set size:undefined disposed:false
473 silly fetch manifest @esbuild/linux-arm64@0.25.12
474 silly packumentCache full:https://registry.npmjs.org/@esbuild%2flinux-arm64 cache-miss
475 http fetch GET 200 https://registry.npmjs.org/@esbuild%2fwin32-ia32 183ms (cache miss)
476 silly packumentCache full:https://registry.npmjs.org/@esbuild%2fwin32-ia32 set size:undefined disposed:false
477 silly fetch manifest @esbuild/linux-ppc64@0.25.12
478 silly packumentCache full:https://registry.npmjs.org/@esbuild%2flinux-ppc64 cache-miss
479 http fetch GET 200 https://registry.npmjs.org/@esbuild%2flinux-x64 187ms (cache miss)
480 silly packumentCache full:https://registry.npmjs.org/@esbuild%2flinux-x64 set size:undefined disposed:false
481 silly fetch manifest @esbuild/linux-s390x@0.25.12
482 silly packumentCache full:https://registry.npmjs.org/@esbuild%2flinux-s390x cache-miss
483 http fetch GET 200 https://registry.npmjs.org/@esbuild%2fdarwin-x64 191ms (cache miss)
484 silly packumentCache full:https://registry.npmjs.org/@esbuild%2fdarwin-x64 set size:undefined disposed:false
485 silly fetch manifest @esbuild/openbsd-x64@0.25.12
486 silly packumentCache full:https://registry.npmjs.org/@esbuild%2fopenbsd-x64 cache-miss
487 http fetch GET 200 https://registry.npmjs.org/@esbuild%2flinux-arm 199ms (cache miss)
488 silly packumentCache full:https://registry.npmjs.org/@esbuild%2flinux-arm set size:undefined disposed:false
489 silly fetch manifest @esbuild/win32-arm64@0.25.12
490 silly packumentCache full:https://registry.npmjs.org/@esbuild%2fwin32-arm64 cache-miss
491 http fetch GET 200 https://registry.npmjs.org/@esbuild%2flinux-ia32 201ms (cache miss)
492 silly packumentCache full:https://registry.npmjs.org/@esbuild%2flinux-ia32 set size:undefined disposed:false
493 silly fetch manifest @esbuild/darwin-arm64@0.25.12
494 silly packumentCache full:https://registry.npmjs.org/@esbuild%2fdarwin-arm64 cache-miss
495 http fetch GET 200 https://registry.npmjs.org/@esbuild%2fandroid-arm 135ms (cache miss)
496 silly packumentCache full:https://registry.npmjs.org/@esbuild%2fandroid-arm set size:undefined disposed:false
497 silly fetch manifest @esbuild/netbsd-arm64@0.25.12
498 silly packumentCache full:https://registry.npmjs.org/@esbuild%2fnetbsd-arm64 cache-miss
499 http fetch GET 200 https://registry.npmjs.org/@esbuild%2fandroid-x64 131ms (cache miss)
500 silly packumentCache full:https://registry.npmjs.org/@esbuild%2fandroid-x64 set size:undefined disposed:false
501 silly fetch manifest @esbuild/android-arm64@0.25.12
502 silly packumentCache full:https://registry.npmjs.org/@esbuild%2fandroid-arm64 cache-miss
503 http fetch GET 200 https://registry.npmjs.org/@esbuild%2ffreebsd-x64 142ms (cache miss)
504 silly packumentCache full:https://registry.npmjs.org/@esbuild%2ffreebsd-x64 set size:undefined disposed:false
505 silly fetch manifest @esbuild/freebsd-arm64@0.25.12
506 silly packumentCache full:https://registry.npmjs.org/@esbuild%2ffreebsd-arm64 cache-miss
507 http fetch GET 200 https://registry.npmjs.org/@esbuild%2flinux-ppc64 139ms (cache miss)
508 silly packumentCache full:https://registry.npmjs.org/@esbuild%2flinux-ppc64 set size:undefined disposed:false
509 silly fetch manifest @esbuild/linux-loong64@0.25.12
510 silly packumentCache full:https://registry.npmjs.org/@esbuild%2flinux-loong64 cache-miss
511 http fetch GET 200 https://registry.npmjs.org/@esbuild%2flinux-s390x 143ms (cache miss)
512 silly packumentCache full:https://registry.npmjs.org/@esbuild%2flinux-s390x set size:undefined disposed:false
513 silly fetch manifest @esbuild/linux-riscv64@0.25.12
514 silly packumentCache full:https://registry.npmjs.org/@esbuild%2flinux-riscv64 cache-miss
515 http fetch GET 200 https://registry.npmjs.org/@esbuild%2fopenbsd-x64 155ms (cache miss)
516 silly packumentCache full:https://registry.npmjs.org/@esbuild%2fopenbsd-x64 set size:undefined disposed:false
517 silly fetch manifest @esbuild/openbsd-arm64@0.25.12
518 silly packumentCache full:https://registry.npmjs.org/@esbuild%2fopenbsd-arm64 cache-miss
519 http fetch GET 200 https://registry.npmjs.org/@esbuild%2fwin32-arm64 167ms (cache miss)
520 silly packumentCache full:https://registry.npmjs.org/@esbuild%2fwin32-arm64 set size:undefined disposed:false
521 silly fetch manifest @esbuild/linux-mips64el@0.25.12
522 silly packumentCache full:https://registry.npmjs.org/@esbuild%2flinux-mips64el cache-miss
523 http fetch GET 200 https://registry.npmjs.org/@esbuild%2fdarwin-arm64 166ms (cache miss)
524 silly packumentCache full:https://registry.npmjs.org/@esbuild%2fdarwin-arm64 set size:undefined disposed:false
525 silly fetch manifest @esbuild/openharmony-arm64@0.25.12
526 silly packumentCache full:https://registry.npmjs.org/@esbuild%2fopenharmony-arm64 cache-miss
527 http fetch GET 200 https://registry.npmjs.org/@esbuild%2flinux-arm64 190ms (cache miss)
528 silly packumentCache full:https://registry.npmjs.org/@esbuild%2flinux-arm64 set size:undefined disposed:false
529 silly fetch manifest nanoid@^3.3.18
530 silly packumentCache full:https://registry.npmjs.org/nanoid cache-miss
531 http fetch GET 200 https://registry.npmjs.org/@esbuild%2fnetbsd-arm64 127ms (cache miss)
532 silly packumentCache full:https://registry.npmjs.org/@esbuild%2fnetbsd-arm64 set size:undefined disposed:false
533 silly fetch manifest source-map-js@^1.2.1
534 silly packumentCache full:https://registry.npmjs.org/source-map-js cache-miss
535 http fetch GET 200 https://registry.npmjs.org/@esbuild%2fandroid-arm64 147ms (cache miss)
536 silly packumentCache full:https://registry.npmjs.org/@esbuild%2fandroid-arm64 set size:undefined disposed:false
537 silly fetch manifest @types/estree@1.0.9
538 silly packumentCache full:https://registry.npmjs.org/@types%2festree cache-miss
539 http fetch GET 200 https://registry.npmjs.org/@esbuild%2flinux-riscv64 142ms (cache miss)
540 silly packumentCache full:https://registry.npmjs.org/@esbuild%2flinux-riscv64 set size:undefined disposed:false
541 silly fetch manifest @rollup/rollup-darwin-x64@4.63.5
542 silly packumentCache full:https://registry.npmjs.org/@rollup%2frollup-darwin-x64 cache-miss
543 http fetch GET 200 https://registry.npmjs.org/@esbuild%2ffreebsd-arm64 159ms (cache miss)
544 silly packumentCache full:https://registry.npmjs.org/@esbuild%2ffreebsd-arm64 set size:undefined disposed:false
545 silly fetch manifest @rollup/rollup-freebsd-x64@4.63.5
546 silly packumentCache full:https://registry.npmjs.org/@rollup%2frollup-freebsd-x64 cache-miss
547 http fetch GET 200 https://registry.npmjs.org/@esbuild%2flinux-loong64 154ms (cache miss)
548 silly packumentCache full:https://registry.npmjs.org/@esbuild%2flinux-loong64 set size:undefined disposed:false
549 silly fetch manifest @rollup/rollup-openbsd-x64@4.63.5
550 silly packumentCache full:https://registry.npmjs.org/@rollup%2frollup-openbsd-x64 cache-miss
551 http fetch GET 200 https://registry.npmjs.org/nanoid 134ms (cache miss)
552 silly packumentCache full:https://registry.npmjs.org/nanoid set size:undefined disposed:false
553 silly fetch manifest @napi-rs/lzma-linux-x64-gnu@1.5.1
554 silly packumentCache full:https://registry.npmjs.org/@napi-rs%2flzma-linux-x64-gnu cache-miss
555 http fetch GET 200 https://registry.npmjs.org/@esbuild%2fopenbsd-arm64 169ms (cache miss)
556 silly packumentCache full:https://registry.npmjs.org/@esbuild%2fopenbsd-arm64 set size:undefined disposed:false
557 silly fetch manifest @rollup/rollup-darwin-arm64@4.63.5
558 silly packumentCache full:https://registry.npmjs.org/@rollup%2frollup-darwin-arm64 cache-miss
559 http fetch GET 200 https://registry.npmjs.org/@esbuild%2fopenharmony-arm64 151ms (cache miss)
560 silly packumentCache full:https://registry.npmjs.org/@esbuild%2fopenharmony-arm64 set size:undefined disposed:false
561 silly fetch manifest @rollup/rollup-android-arm64@4.63.5
562 silly packumentCache full:https://registry.npmjs.org/@rollup%2frollup-android-arm64 cache-miss
563 http fetch GET 200 https://registry.npmjs.org/source-map-js 117ms (cache miss)
564 silly packumentCache full:https://registry.npmjs.org/source-map-js set size:undefined disposed:false
565 silly fetch manifest @rollup/rollup-freebsd-arm64@4.63.5
566 silly packumentCache full:https://registry.npmjs.org/@rollup%2frollup-freebsd-arm64 cache-miss
567 http fetch GET 200 https://registry.npmjs.org/@esbuild%2flinux-mips64el 166ms (cache miss)
568 silly packumentCache full:https://registry.npmjs.org/@esbuild%2flinux-mips64el set size:undefined disposed:false
569 silly fetch manifest @rollup/rollup-linux-x64-gnu@4.63.5
570 silly packumentCache full:https://registry.npmjs.org/@rollup%2frollup-linux-x64-gnu cache-miss
571 http fetch GET 200 https://registry.npmjs.org/@types%2festree 140ms (cache miss)
572 silly packumentCache full:https://registry.npmjs.org/@types%2festree set size:undefined disposed:false
573 silly fetch manifest @rollup/rollup-win32-x64-gnu@4.63.5
574 silly packumentCache full:https://registry.npmjs.org/@rollup%2frollup-win32-x64-gnu cache-miss
575 http fetch GET 200 https://registry.npmjs.org/@rollup%2frollup-openbsd-x64 132ms (cache miss)
576 silly packumentCache full:https://registry.npmjs.org/@rollup%2frollup-openbsd-x64 set size:undefined disposed:false
577 silly fetch manifest @rollup/rollup-linux-x64-musl@4.63.5
578 silly packumentCache full:https://registry.npmjs.org/@rollup%2frollup-linux-x64-musl cache-miss
579 http fetch GET 200 https://registry.npmjs.org/@rollup%2frollup-freebsd-x64 144ms (cache miss)
580 silly packumentCache full:https://registry.npmjs.org/@rollup%2frollup-freebsd-x64 set size:undefined disposed:false
581 silly fetch manifest @rollup/rollup-win32-x64-msvc@4.63.5
582 silly packumentCache full:https://registry.npmjs.org/@rollup%2frollup-win32-x64-msvc cache-miss
583 http fetch GET 200 https://registry.npmjs.org/@rollup%2frollup-darwin-x64 153ms (cache miss)
584 silly packumentCache full:https://registry.npmjs.org/@rollup%2frollup-darwin-x64 set size:undefined disposed:false
585 silly fetch manifest @rollup/rollup-linux-arm64-gnu@4.63.5
586 silly packumentCache full:https://registry.npmjs.org/@rollup%2frollup-linux-arm64-gnu cache-miss
587 http fetch GET 200 https://registry.npmjs.org/@napi-rs%2flzma-linux-x64-gnu 123ms (cache miss)
588 silly packumentCache full:https://registry.npmjs.org/@napi-rs%2flzma-linux-x64-gnu set size:undefined disposed:false
589 silly fetch manifest @rollup/rollup-linux-ppc64-gnu@4.63.5
590 silly packumentCache full:https://registry.npmjs.org/@rollup%2frollup-linux-ppc64-gnu cache-miss
591 http fetch GET 200 https://registry.npmjs.org/@rollup%2frollup-freebsd-arm64 135ms (cache miss)
592 silly packumentCache full:https://registry.npmjs.org/@rollup%2frollup-freebsd-arm64 set size:undefined disposed:false
593 silly fetch manifest @rollup/rollup-linux-s390x-gnu@4.63.5
594 silly packumentCache full:https://registry.npmjs.org/@rollup%2frollup-linux-s390x-gnu cache-miss
595 http fetch GET 200 https://registry.npmjs.org/@rollup%2frollup-android-arm64 143ms (cache miss)
596 silly packumentCache full:https://registry.npmjs.org/@rollup%2frollup-android-arm64 set size:undefined disposed:false
597 silly fetch manifest @rollup/rollup-win32-ia32-msvc@4.63.5
598 silly packumentCache full:https://registry.npmjs.org/@rollup%2frollup-win32-ia32-msvc cache-miss
599 http fetch GET 200 https://registry.npmjs.org/@rollup%2frollup-darwin-arm64 171ms (cache miss)
600 silly packumentCache full:https://registry.npmjs.org/@rollup%2frollup-darwin-arm64 set size:undefined disposed:false
601 silly fetch manifest @rollup/rollup-android-arm-eabi@4.63.5
602 silly packumentCache full:https://registry.npmjs.org/@rollup%2frollup-android-arm-eabi cache-miss
603 http fetch GET 200 https://registry.npmjs.org/@rollup%2frollup-linux-x64-gnu 161ms (cache miss)
604 silly packumentCache full:https://registry.npmjs.org/@rollup%2frollup-linux-x64-gnu set size:undefined disposed:false
605 silly fetch manifest @rollup/rollup-linux-arm64-musl@4.63.5
606 silly packumentCache full:https://registry.npmjs.org/@rollup%2frollup-linux-arm64-musl cache-miss
607 http fetch GET 200 https://registry.npmjs.org/@rollup%2frollup-win32-x64-gnu 128ms (cache miss)
608 silly packumentCache full:https://registry.npmjs.org/@rollup%2frollup-win32-x64-gnu set size:undefined disposed:false
609 silly fetch manifest @rollup/rollup-linux-ppc64-musl@4.63.5
610 silly packumentCache full:https://registry.npmjs.org/@rollup%2frollup-linux-ppc64-musl cache-miss
611 http fetch GET 200 https://registry.npmjs.org/@rollup%2frollup-linux-x64-musl 138ms (cache miss)
612 silly packumentCache full:https://registry.npmjs.org/@rollup%2frollup-linux-x64-musl set size:undefined disposed:false
613 silly fetch manifest @rollup/rollup-win32-arm64-msvc@4.63.5
614 silly packumentCache full:https://registry.npmjs.org/@rollup%2frollup-win32-arm64-msvc cache-miss
615 http fetch GET 200 https://registry.npmjs.org/@rollup%2frollup-linux-ppc64-gnu 133ms (cache miss)
616 silly packumentCache full:https://registry.npmjs.org/@rollup%2frollup-linux-ppc64-gnu set size:undefined disposed:false
617 silly fetch manifest @rollup/rollup-linux-loong64-gnu@4.63.5
618 silly packumentCache full:https://registry.npmjs.org/@rollup%2frollup-linux-loong64-gnu cache-miss
619 http fetch GET 200 https://registry.npmjs.org/@rollup%2frollup-linux-arm64-gnu 144ms (cache miss)
620 silly packumentCache full:https://registry.npmjs.org/@rollup%2frollup-linux-arm64-gnu set size:undefined disposed:false
621 silly fetch manifest @rollup/rollup-linux-riscv64-gnu@4.63.5
622 silly packumentCache full:https://registry.npmjs.org/@rollup%2frollup-linux-riscv64-gnu cache-miss
623 http fetch GET 200 https://registry.npmjs.org/@rollup%2frollup-linux-s390x-gnu 138ms (cache miss)
624 silly packumentCache full:https://registry.npmjs.org/@rollup%2frollup-linux-s390x-gnu set size:undefined disposed:false
625 silly fetch manifest @rollup/rollup-openharmony-arm64@4.63.5
626 silly packumentCache full:https://registry.npmjs.org/@rollup%2frollup-openharmony-arm64 cache-miss
627 http fetch GET 200 https://registry.npmjs.org/@rollup%2frollup-win32-ia32-msvc 142ms (cache miss)
628 silly packumentCache full:https://registry.npmjs.org/@rollup%2frollup-win32-ia32-msvc set size:undefined disposed:false
629 silly fetch manifest @rollup/rollup-linux-loong64-musl@4.63.5
630 silly packumentCache full:https://registry.npmjs.org/@rollup%2frollup-linux-loong64-musl cache-miss
631 http fetch GET 200 https://registry.npmjs.org/@rollup%2frollup-linux-ppc64-musl 121ms (cache miss)
632 silly packumentCache full:https://registry.npmjs.org/@rollup%2frollup-linux-ppc64-musl set size:undefined disposed:false
633 silly fetch manifest @rollup/rollup-linux-riscv64-musl@4.63.5
634 silly packumentCache full:https://registry.npmjs.org/@rollup%2frollup-linux-riscv64-musl cache-miss
635 http fetch GET 200 https://registry.npmjs.org/@rollup%2frollup-win32-x64-msvc 213ms (cache miss)
636 silly packumentCache full:https://registry.npmjs.org/@rollup%2frollup-win32-x64-msvc set size:undefined disposed:false
637 silly fetch manifest @rollup/rollup-linux-arm-gnueabihf@4.63.5
638 silly packumentCache full:https://registry.npmjs.org/@rollup%2frollup-linux-arm-gnueabihf cache-miss
639 http fetch GET 200 https://registry.npmjs.org/@rollup%2frollup-android-arm-eabi 161ms (cache miss)
640 silly packumentCache full:https://registry.npmjs.org/@rollup%2frollup-android-arm-eabi set size:undefined disposed:false
641 silly fetch manifest @rollup/rollup-linux-arm-musleabihf@4.63.5
642 silly packumentCache full:https://registry.npmjs.org/@rollup%2frollup-linux-arm-musleabihf cache-miss
643 http fetch GET 200 https://registry.npmjs.org/@rollup%2frollup-linux-arm64-musl 167ms (cache miss)
644 silly packumentCache full:https://registry.npmjs.org/@rollup%2frollup-linux-arm64-musl set size:undefined disposed:false
645 http fetch GET 200 https://registry.npmjs.org/@rollup%2frollup-linux-loong64-gnu 147ms (cache miss)
646 silly packumentCache full:https://registry.npmjs.org/@rollup%2frollup-linux-loong64-gnu set size:undefined disposed:false
647 http fetch GET 200 https://registry.npmjs.org/@rollup%2frollup-win32-arm64-msvc 170ms (cache miss)
648 silly packumentCache full:https://registry.npmjs.org/@rollup%2frollup-win32-arm64-msvc set size:undefined disposed:false
649 http fetch GET 200 https://registry.npmjs.org/@rollup%2frollup-openharmony-arm64 131ms (cache miss)
650 silly packumentCache full:https://registry.npmjs.org/@rollup%2frollup-openharmony-arm64 set size:undefined disposed:false
651 http fetch GET 200 https://registry.npmjs.org/@rollup%2frollup-linux-riscv64-gnu 155ms (cache miss)
652 silly packumentCache full:https://registry.npmjs.org/@rollup%2frollup-linux-riscv64-gnu set size:undefined disposed:false
653 http fetch GET 200 https://registry.npmjs.org/@rollup%2frollup-linux-loong64-musl 137ms (cache miss)
654 silly packumentCache full:https://registry.npmjs.org/@rollup%2frollup-linux-loong64-musl set size:undefined disposed:false
655 http fetch GET 200 https://registry.npmjs.org/@rollup%2frollup-linux-riscv64-musl 132ms (cache miss)
656 silly packumentCache full:https://registry.npmjs.org/@rollup%2frollup-linux-riscv64-musl set size:undefined disposed:false
657 http fetch GET 200 https://registry.npmjs.org/@rollup%2frollup-linux-arm-musleabihf 190ms (cache miss)
658 silly packumentCache full:https://registry.npmjs.org/@rollup%2frollup-linux-arm-musleabihf set size:undefined disposed:false
659 http fetch GET 200 https://registry.npmjs.org/@rollup%2frollup-linux-arm-gnueabihf 209ms (cache miss)
660 silly packumentCache full:https://registry.npmjs.org/@rollup%2frollup-linux-arm-gnueabihf set size:undefined disposed:false
661 silly placeDep ROOT @esbuild/aix-ppc64@0.25.12 OK for: esbuild@0.25.12 want: 0.25.12
662 silly placeDep ROOT @esbuild/android-arm@0.25.12 OK for: esbuild@0.25.12 want: 0.25.12
663 silly placeDep ROOT @esbuild/android-arm64@0.25.12 OK for: esbuild@0.25.12 want: 0.25.12
664 silly placeDep ROOT @esbuild/android-x64@0.25.12 OK for: esbuild@0.25.12 want: 0.25.12
665 silly placeDep ROOT @esbuild/darwin-arm64@0.25.12 OK for: esbuild@0.25.12 want: 0.25.12
666 silly placeDep ROOT @esbuild/darwin-x64@0.25.12 OK for: esbuild@0.25.12 want: 0.25.12
667 silly placeDep ROOT @esbuild/freebsd-arm64@0.25.12 OK for: esbuild@0.25.12 want: 0.25.12
668 silly placeDep ROOT @esbuild/freebsd-x64@0.25.12 OK for: esbuild@0.25.12 want: 0.25.12
669 silly placeDep ROOT @esbuild/linux-arm@0.25.12 OK for: esbuild@0.25.12 want: 0.25.12
670 silly placeDep ROOT @esbuild/linux-arm64@0.25.12 OK for: esbuild@0.25.12 want: 0.25.12
671 silly placeDep ROOT @esbuild/linux-ia32@0.25.12 OK for: esbuild@0.25.12 want: 0.25.12
672 silly placeDep ROOT @esbuild/linux-loong64@0.25.12 OK for: esbuild@0.25.12 want: 0.25.12
673 silly placeDep ROOT @esbuild/linux-mips64el@0.25.12 OK for: esbuild@0.25.12 want: 0.25.12
674 silly placeDep ROOT @esbuild/linux-ppc64@0.25.12 OK for: esbuild@0.25.12 want: 0.25.12
675 silly placeDep ROOT @esbuild/linux-riscv64@0.25.12 OK for: esbuild@0.25.12 want: 0.25.12
676 silly placeDep ROOT @esbuild/linux-s390x@0.25.12 OK for: esbuild@0.25.12 want: 0.25.12
677 silly placeDep ROOT @esbuild/linux-x64@0.25.12 OK for: esbuild@0.25.12 want: 0.25.12
678 silly placeDep ROOT @esbuild/netbsd-arm64@0.25.12 OK for: esbuild@0.25.12 want: 0.25.12
679 silly placeDep ROOT @esbuild/netbsd-x64@0.25.12 OK for: esbuild@0.25.12 want: 0.25.12
680 silly placeDep ROOT @esbuild/openbsd-arm64@0.25.12 OK for: esbuild@0.25.12 want: 0.25.12
681 silly placeDep ROOT @esbuild/openbsd-x64@0.25.12 OK for: esbuild@0.25.12 want: 0.25.12
682 silly placeDep ROOT @esbuild/openharmony-arm64@0.25.12 OK for: esbuild@0.25.12 want: 0.25.12
683 silly placeDep ROOT @esbuild/sunos-x64@0.25.12 OK for: esbuild@0.25.12 want: 0.25.12
684 silly placeDep ROOT @esbuild/win32-arm64@0.25.12 OK for: esbuild@0.25.12 want: 0.25.12
685 silly placeDep ROOT @esbuild/win32-ia32@0.25.12 OK for: esbuild@0.25.12 want: 0.25.12
686 silly placeDep ROOT @esbuild/win32-x64@0.25.12 OK for: esbuild@0.25.12 want: 0.25.12
687 silly placeDep ROOT nanoid@3.3.19 OK for: postcss@8.5.28 want: ^3.3.18
688 silly placeDep ROOT source-map-js@1.2.1 OK for: postcss@8.5.28 want: ^1.2.1
689 silly placeDep ROOT @napi-rs/lzma-linux-x64-gnu@1.5.1 OK for: rollup@4.63.5 want: 1.5.1
690 silly placeDep ROOT @rollup/rollup-android-arm-eabi@4.63.5 OK for: rollup@4.63.5 want: 4.63.5
691 silly placeDep ROOT @rollup/rollup-android-arm64@4.63.5 OK for: rollup@4.63.5 want: 4.63.5
692 silly placeDep ROOT @rollup/rollup-darwin-arm64@4.63.5 OK for: rollup@4.63.5 want: 4.63.5
693 silly placeDep ROOT @rollup/rollup-darwin-x64@4.63.5 OK for: rollup@4.63.5 want: 4.63.5
694 silly placeDep ROOT @rollup/rollup-freebsd-arm64@4.63.5 OK for: rollup@4.63.5 want: 4.63.5
695 silly placeDep ROOT @rollup/rollup-freebsd-x64@4.63.5 OK for: rollup@4.63.5 want: 4.63.5
696 silly placeDep ROOT @rollup/rollup-linux-arm-gnueabihf@4.63.5 OK for: rollup@4.63.5 want: 4.63.5
697 silly placeDep ROOT @rollup/rollup-linux-arm-musleabihf@4.63.5 OK for: rollup@4.63.5 want: 4.63.5
698 silly placeDep ROOT @rollup/rollup-linux-arm64-gnu@4.63.5 OK for: rollup@4.63.5 want: 4.63.5
699 silly placeDep ROOT @rollup/rollup-linux-arm64-musl@4.63.5 OK for: rollup@4.63.5 want: 4.63.5
700 silly placeDep ROOT @rollup/rollup-linux-loong64-gnu@4.63.5 OK for: rollup@4.63.5 want: 4.63.5
701 silly placeDep ROOT @rollup/rollup-linux-loong64-musl@4.63.5 OK for: rollup@4.63.5 want: 4.63.5
702 silly placeDep ROOT @rollup/rollup-linux-ppc64-gnu@4.63.5 OK for: rollup@4.63.5 want: 4.63.5
703 silly placeDep ROOT @rollup/rollup-linux-ppc64-musl@4.63.5 OK for: rollup@4.63.5 want: 4.63.5
704 silly placeDep ROOT @rollup/rollup-linux-riscv64-gnu@4.63.5 OK for: rollup@4.63.5 want: 4.63.5
705 silly placeDep ROOT @rollup/rollup-linux-riscv64-musl@4.63.5 OK for: rollup@4.63.5 want: 4.63.5
706 silly placeDep ROOT @rollup/rollup-linux-s390x-gnu@4.63.5 OK for: rollup@4.63.5 want: 4.63.5
707 silly placeDep ROOT @rollup/rollup-linux-x64-gnu@4.63.5 OK for: rollup@4.63.5 want: 4.63.5
708 silly placeDep ROOT @rollup/rollup-linux-x64-musl@4.63.5 OK for: rollup@4.63.5 want: 4.63.5
709 silly placeDep ROOT @rollup/rollup-openbsd-x64@4.63.5 OK for: rollup@4.63.5 want: 4.63.5
710 silly placeDep ROOT @rollup/rollup-openharmony-arm64@4.63.5 OK for: rollup@4.63.5 want: 4.63.5
711 silly placeDep ROOT @rollup/rollup-win32-arm64-msvc@4.63.5 OK for: rollup@4.63.5 want: 4.63.5
712 silly placeDep ROOT @rollup/rollup-win32-ia32-msvc@4.63.5 OK for: rollup@4.63.5 want: 4.63.5
713 silly placeDep ROOT @rollup/rollup-win32-x64-gnu@4.63.5 OK for: rollup@4.63.5 want: 4.63.5
714 silly placeDep ROOT @rollup/rollup-win32-x64-msvc@4.63.5 OK for: rollup@4.63.5 want: 4.63.5
715 silly placeDep ROOT @types/estree@1.0.9 OK for: rollup@4.63.5 want: 1.0.9
716 silly reify moves {}
717 verbose reify failed optional dependency /workspace/frontend/node_modules/@rollup/rollup-win32-x64-msvc
718 silly reify mark deleted [ '/workspace/frontend/node_modules/@rollup/rollup-win32-x64-msvc' ]
719 verbose reify failed optional dependency /workspace/frontend/node_modules/@rollup/rollup-win32-x64-gnu
720 silly reify mark deleted [ '/workspace/frontend/node_modules/@rollup/rollup-win32-x64-gnu' ]
721 verbose reify failed optional dependency /workspace/frontend/node_modules/@rollup/rollup-win32-ia32-msvc
722 silly reify mark deleted [ '/workspace/frontend/node_modules/@rollup/rollup-win32-ia32-msvc' ]
723 verbose reify failed optional dependency /workspace/frontend/node_modules/@rollup/rollup-win32-arm64-msvc
724 silly reify mark deleted [ '/workspace/frontend/node_modules/@rollup/rollup-win32-arm64-msvc' ]
725 verbose reify failed optional dependency /workspace/frontend/node_modules/@rollup/rollup-openharmony-arm64
726 silly reify mark deleted [ '/workspace/frontend/node_modules/@rollup/rollup-openharmony-arm64' ]
727 verbose reify failed optional dependency /workspace/frontend/node_modules/@rollup/rollup-openbsd-x64
728 silly reify mark deleted [ '/workspace/frontend/node_modules/@rollup/rollup-openbsd-x64' ]
729 verbose reify failed optional dependency /workspace/frontend/node_modules/@rollup/rollup-linux-x64-musl
730 silly reify mark deleted [ '/workspace/frontend/node_modules/@rollup/rollup-linux-x64-musl' ]
731 verbose reify failed optional dependency /workspace/frontend/node_modules/@rollup/rollup-linux-x64-gnu
732 silly reify mark deleted [ '/workspace/frontend/node_modules/@rollup/rollup-linux-x64-gnu' ]
733 verbose reify failed optional dependency /workspace/frontend/node_modules/@rollup/rollup-linux-s390x-gnu
734 silly reify mark deleted [ '/workspace/frontend/node_modules/@rollup/rollup-linux-s390x-gnu' ]
735 verbose reify failed optional dependency /workspace/frontend/node_modules/@rollup/rollup-linux-riscv64-musl
736 silly reify mark deleted [
736 silly reify   '/workspace/frontend/node_modules/@rollup/rollup-linux-riscv64-musl'
736 silly reify ]
737 verbose reify failed optional dependency /workspace/frontend/node_modules/@rollup/rollup-linux-riscv64-gnu
738 silly reify mark deleted [ '/workspace/frontend/node_modules/@rollup/rollup-linux-riscv64-gnu' ]
739 verbose reify failed optional dependency /workspace/frontend/node_modules/@rollup/rollup-linux-ppc64-musl
740 silly reify mark deleted [ '/workspace/frontend/node_modules/@rollup/rollup-linux-ppc64-musl' ]
741 verbose reify failed optional dependency /workspace/frontend/node_modules/@rollup/rollup-linux-ppc64-gnu
742 silly reify mark deleted [ '/workspace/frontend/node_modules/@rollup/rollup-linux-ppc64-gnu' ]
743 verbose reify failed optional dependency /workspace/frontend/node_modules/@rollup/rollup-linux-loong64-musl
744 silly reify mark deleted [
744 silly reify   '/workspace/frontend/node_modules/@rollup/rollup-linux-loong64-musl'
744 silly reify ]
745 verbose reify failed optional dependency /workspace/frontend/node_modules/@rollup/rollup-linux-loong64-gnu
746 silly reify mark deleted [ '/workspace/frontend/node_modules/@rollup/rollup-linux-loong64-gnu' ]
747 verbose reify failed optional dependency /workspace/frontend/node_modules/@rollup/rollup-linux-arm64-musl
748 silly reify mark deleted [ '/workspace/frontend/node_modules/@rollup/rollup-linux-arm64-musl' ]
749 verbose reify failed optional dependency /workspace/frontend/node_modules/@rollup/rollup-linux-arm-musleabihf
750 silly reify mark deleted [
750 silly reify   '/workspace/frontend/node_modules/@rollup/rollup-linux-arm-musleabihf'
750 silly reify ]
751 verbose reify failed optional dependency /workspace/frontend/node_modules/@rollup/rollup-linux-arm-gnueabihf
752 silly reify mark deleted [
752 silly reify   '/workspace/frontend/node_modules/@rollup/rollup-linux-arm-gnueabihf'
752 silly reify ]
753 verbose reify failed optional dependency /workspace/frontend/node_modules/@rollup/rollup-freebsd-x64
754 silly reify mark deleted [ '/workspace/frontend/node_modules/@rollup/rollup-freebsd-x64' ]
755 verbose reify failed optional dependency /workspace/frontend/node_modules/@rollup/rollup-freebsd-arm64
756 silly reify mark deleted [ '/workspace/frontend/node_modules/@rollup/rollup-freebsd-arm64' ]
757 verbose reify failed optional dependency /workspace/frontend/node_modules/@rollup/rollup-darwin-x64
758 silly reify mark deleted [ '/workspace/frontend/node_modules/@rollup/rollup-darwin-x64' ]
759 verbose reify failed optional dependency /workspace/frontend/node_modules/@rollup/rollup-darwin-arm64
760 silly reify mark deleted [ '/workspace/frontend/node_modules/@rollup/rollup-darwin-arm64' ]
761 verbose reify failed optional dependency /workspace/frontend/node_modules/@rollup/rollup-android-arm64
762 silly reify mark deleted [ '/workspace/frontend/node_modules/@rollup/rollup-android-arm64' ]
763 verbose reify failed optional dependency /workspace/frontend/node_modules/@rollup/rollup-android-arm-eabi
764 silly reify mark deleted [ '/workspace/frontend/node_modules/@rollup/rollup-android-arm-eabi' ]
765 verbose reify failed optional dependency /workspace/frontend/node_modules/@napi-rs/lzma-linux-x64-gnu
766 silly reify mark deleted [ '/workspace/frontend/node_modules/@napi-rs/lzma-linux-x64-gnu' ]
767 verbose reify failed optional dependency /workspace/frontend/node_modules/@esbuild/win32-x64
768 silly reify mark deleted [ '/workspace/frontend/node_modules/@esbuild/win32-x64' ]
769 verbose reify failed optional dependency /workspace/frontend/node_modules/@esbuild/win32-ia32
770 silly reify mark deleted [ '/workspace/frontend/node_modules/@esbuild/win32-ia32' ]
771 verbose reify failed optional dependency /workspace/frontend/node_modules/@esbuild/win32-arm64
772 silly reify mark deleted [ '/workspace/frontend/node_modules/@esbuild/win32-arm64' ]
773 verbose reify failed optional dependency /workspace/frontend/node_modules/@esbuild/sunos-x64
774 silly reify mark deleted [ '/workspace/frontend/node_modules/@esbuild/sunos-x64' ]
775 verbose reify failed optional dependency /workspace/frontend/node_modules/@esbuild/openharmony-arm64
776 silly reify mark deleted [ '/workspace/frontend/node_modules/@esbuild/openharmony-arm64' ]
777 verbose reify failed optional dependency /workspace/frontend/node_modules/@esbuild/openbsd-x64
778 silly reify mark deleted [ '/workspace/frontend/node_modules/@esbuild/openbsd-x64' ]
779 verbose reify failed optional dependency /workspace/frontend/node_modules/@esbuild/openbsd-arm64
780 silly reify mark deleted [ '/workspace/frontend/node_modules/@esbuild/openbsd-arm64' ]
781 verbose reify failed optional dependency /workspace/frontend/node_modules/@esbuild/netbsd-x64
782 silly reify mark deleted [ '/workspace/frontend/node_modules/@esbuild/netbsd-x64' ]
783 verbose reify failed optional dependency /workspace/frontend/node_modules/@esbuild/netbsd-arm64
784 silly reify mark deleted [ '/workspace/frontend/node_modules/@esbuild/netbsd-arm64' ]
785 verbose reify failed optional dependency /workspace/frontend/node_modules/@esbuild/linux-x64
786 silly reify mark deleted [ '/workspace/frontend/node_modules/@esbuild/linux-x64' ]
787 verbose reify failed optional dependency /workspace/frontend/node_modules/@esbuild/linux-s390x
788 silly reify mark deleted [ '/workspace/frontend/node_modules/@esbuild/linux-s390x' ]
789 verbose reify failed optional dependency /workspace/frontend/node_modules/@esbuild/linux-riscv64
790 silly reify mark deleted [ '/workspace/frontend/node_modules/@esbuild/linux-riscv64' ]
791 verbose reify failed optional dependency /workspace/frontend/node_modules/@esbuild/linux-ppc64
792 silly reify mark deleted [ '/workspace/frontend/node_modules/@esbuild/linux-ppc64' ]
793 verbose reify failed optional dependency /workspace/frontend/node_modules/@esbuild/linux-mips64el
794 silly reify mark deleted [ '/workspace/frontend/node_modules/@esbuild/linux-mips64el' ]
795 verbose reify failed optional dependency /workspace/frontend/node_modules/@esbuild/linux-loong64
796 silly reify mark deleted [ '/workspace/frontend/node_modules/@esbuild/linux-loong64' ]
797 verbose reify failed optional dependency /workspace/frontend/node_modules/@esbuild/linux-ia32
798 silly reify mark deleted [ '/workspace/frontend/node_modules/@esbuild/linux-ia32' ]
799 verbose reify failed optional dependency /workspace/frontend/node_modules/@esbuild/linux-arm
800 silly reify mark deleted [ '/workspace/frontend/node_modules/@esbuild/linux-arm' ]
801 verbose reify failed optional dependency /workspace/frontend/node_modules/@esbuild/freebsd-x64
802 silly reify mark deleted [ '/workspace/frontend/node_modules/@esbuild/freebsd-x64' ]
803 verbose reify failed optional dependency /workspace/frontend/node_modules/@esbuild/freebsd-arm64
804 silly reify mark deleted [ '/workspace/frontend/node_modules/@esbuild/freebsd-arm64' ]
805 verbose reify failed optional dependency /workspace/frontend/node_modules/@esbuild/darwin-x64
806 silly reify mark deleted [ '/workspace/frontend/node_modules/@esbuild/darwin-x64' ]
807 verbose reify failed optional dependency /workspace/frontend/node_modules/@esbuild/darwin-arm64
808 silly reify mark deleted [ '/workspace/frontend/node_modules/@esbuild/darwin-arm64' ]
809 verbose reify failed optional dependency /workspace/frontend/node_modules/@esbuild/android-x64
810 silly reify mark deleted [ '/workspace/frontend/node_modules/@esbuild/android-x64' ]
811 verbose reify failed optional dependency /workspace/frontend/node_modules/@esbuild/android-arm64
812 silly reify mark deleted [ '/workspace/frontend/node_modules/@esbuild/android-arm64' ]
813 verbose reify failed optional dependency /workspace/frontend/node_modules/@esbuild/android-arm
814 silly reify mark deleted [ '/workspace/frontend/node_modules/@esbuild/android-arm' ]
815 verbose reify failed optional dependency /workspace/frontend/node_modules/@esbuild/aix-ppc64
816 silly reify mark deleted [ '/workspace/frontend/node_modules/@esbuild/aix-ppc64' ]
817 verbose reify failed optional dependency /workspace/frontend/node_modules/fsevents
818 silly reify mark deleted [ '/workspace/frontend/node_modules/fsevents' ]
819 silly tarball no local data for @rollup/rollup-linux-arm64-gnu@https://registry.npmjs.org/@rollup/rollup-linux-arm64-gnu/-/rollup-linux-arm64-gnu-4.63.5.tgz. Extracting by manifest.
820 silly tarball no local data for @types/estree@https://registry.npmjs.org/@types/estree/-/estree-1.0.9.tgz. Extracting by manifest.
821 silly tarball no local data for rollup@https://registry.npmjs.org/rollup/-/rollup-4.63.5.tgz. Extracting by manifest.
822 silly tarball no local data for nanoid@https://registry.npmjs.org/nanoid/-/nanoid-3.3.19.tgz. Extracting by manifest.
823 silly tarball no local data for escalade@https://registry.npmjs.org/escalade/-/escalade-3.2.0.tgz. Extracting by manifest.
824 silly tarball no local data for @esbuild/linux-arm64@https://registry.npmjs.org/@esbuild/linux-arm64/-/linux-arm64-0.25.12.tgz. Extracting by manifest.
825 silly tarball no local data for fdir@https://registry.npmjs.org/fdir/-/fdir-6.5.0.tgz. Extracting by manifest.
826 silly tarball no local data for source-map-js@https://registry.npmjs.org/source-map-js/-/source-map-js-1.2.1.tgz. Extracting by manifest.
827 silly tarball no local data for esbuild@https://registry.npmjs.org/esbuild/-/esbuild-0.25.12.tgz. Extracting by manifest.
828 silly tarball no local data for yallist@https://registry.npmjs.org/yallist/-/yallist-3.1.1.tgz. Extracting by manifest.
829 silly tarball no local data for scheduler@https://registry.npmjs.org/scheduler/-/scheduler-0.23.2.tgz. Extracting by manifest.
830 silly tarball no local data for postcss@https://registry.npmjs.org/postcss/-/postcss-8.5.28.tgz. Extracting by manifest.
831 silly tarball no local data for tinyglobby@https://registry.npmjs.org/tinyglobby/-/tinyglobby-0.2.17.tgz. Extracting by manifest.
832 silly tarball no local data for ms@https://registry.npmjs.org/ms/-/ms-2.1.3.tgz. Extracting by manifest.
833 silly tarball no local data for electron-to-chromium@https://registry.npmjs.org/electron-to-chromium/-/electron-to-chromium-1.5.438.tgz. Extracting by manifest.
834 silly tarball no local data for caniuse-lite@https://registry.npmjs.org/caniuse-lite/-/caniuse-lite-1.0.30001812.tgz. Extracting by manifest.
835 silly tarball no local data for node-releases@https://registry.npmjs.org/node-releases/-/node-releases-2.0.57.tgz. Extracting by manifest.
836 silly tarball no local data for picomatch@https://registry.npmjs.org/picomatch/-/picomatch-4.0.7.tgz. Extracting by manifest.
837 silly tarball no local data for baseline-browser-mapping@https://registry.npmjs.org/baseline-browser-mapping/-/baseline-browser-mapping-2.11.25.tgz. Extracting by manifest.
838 silly tarball no local data for @types/babel__traverse@https://registry.npmjs.org/@types/babel__traverse/-/babel__traverse-7.28.0.tgz. Extracting by manifest.
839 silly tarball no local data for loose-envify@https://registry.npmjs.org/loose-envify/-/loose-envify-1.4.0.tgz. Extracting by manifest.
840 silly tarball no local data for @types/babel__generator@https://registry.npmjs.org/@types/babel__generator/-/babel__generator-7.27.0.tgz. Extracting by manifest.
841 silly tarball no local data for @types/babel__template@https://registry.npmjs.org/@types/babel__template/-/babel__template-7.4.4.tgz. Extracting by manifest.
842 silly tarball no local data for @babel/helper-string-parser@https://registry.npmjs.org/@babel/helper-string-parser/-/helper-string-parser-7.29.7.tgz. Extracting by manifest.
843 silly tarball no local data for @jridgewell/resolve-uri@https://registry.npmjs.org/@jridgewell/resolve-uri/-/resolve-uri-3.1.2.tgz. Extracting by manifest.
844 silly tarball no local data for update-browserslist-db@https://registry.npmjs.org/update-browserslist-db/-/update-browserslist-db-1.3.3.tgz. Extracting by manifest.
845 silly tarball no local data for @babel/helper-module-imports@https://registry.npmjs.org/@babel/helper-module-imports/-/helper-module-imports-7.29.7.tgz. Extracting by manifest.
846 silly tarball no local data for lru-cache@https://registry.npmjs.org/lru-cache/-/lru-cache-5.1.1.tgz. Extracting by manifest.
847 silly tarball no local data for @jridgewell/sourcemap-codec@https://registry.npmjs.org/@jridgewell/sourcemap-codec/-/sourcemap-codec-1.6.0.tgz. Extracting by manifest.
848 silly tarball no local data for @babel/helper-globals@https://registry.npmjs.org/@babel/helper-globals/-/helper-globals-7.29.7.tgz. Extracting by manifest.
849 silly tarball no local data for jsesc@https://registry.npmjs.org/jsesc/-/jsesc-3.1.0.tgz. Extracting by manifest.
850 silly tarball no local data for browserslist@https://registry.npmjs.org/browserslist/-/browserslist-4.29.0.tgz. Extracting by manifest.
851 silly tarball no local data for @babel/compat-data@https://registry.npmjs.org/@babel/compat-data/-/compat-data-7.29.7.tgz. Extracting by manifest.
852 silly tarball no local data for @jridgewell/trace-mapping@https://registry.npmjs.org/@jridgewell/trace-mapping/-/trace-mapping-0.3.31.tgz. Extracting by manifest.
853 silly tarball no local data for @babel/helper-validator-option@https://registry.npmjs.org/@babel/helper-validator-option/-/helper-validator-option-7.29.7.tgz. Extracting by manifest.
854 silly tarball no local data for js-tokens@https://registry.npmjs.org/js-tokens/-/js-tokens-4.0.0.tgz. Extracting by manifest.
855 silly tarball no local data for @babel/helper-plugin-utils@https://registry.npmjs.org/@babel/helper-plugin-utils/-/helper-plugin-utils-7.29.7.tgz. Extracting by manifest.
856 silly tarball no local data for @jridgewell/gen-mapping@https://registry.npmjs.org/@jridgewell/gen-mapping/-/gen-mapping-0.3.13.tgz. Extracting by manifest.
857 silly tarball no local data for debug@https://registry.npmjs.org/debug/-/debug-4.4.3.tgz. Extracting by manifest.
858 silly tarball no local data for @babel/helper-validator-identifier@https://registry.npmjs.org/@babel/helper-validator-identifier/-/helper-validator-identifier-7.29.7.tgz. Extracting by manifest.
859 silly tarball no local data for picocolors@https://registry.npmjs.org/picocolors/-/picocolors-1.1.1.tgz. Extracting by manifest.
860 silly tarball no local data for semver@https://registry.npmjs.org/semver/-/semver-6.3.1.tgz. Extracting by manifest.
861 silly tarball no local data for convert-source-map@https://registry.npmjs.org/convert-source-map/-/convert-source-map-2.0.0.tgz. Extracting by manifest.
862 silly tarball no local data for @jridgewell/remapping@https://registry.npmjs.org/@jridgewell/remapping/-/remapping-2.3.5.tgz. Extracting by manifest.
863 silly tarball no local data for json5@https://registry.npmjs.org/json5/-/json5-2.2.3.tgz. Extracting by manifest.
864 silly tarball no local data for @babel/types@https://registry.npmjs.org/@babel/types/-/types-7.29.8.tgz. Extracting by manifest.
865 silly tarball no local data for @babel/parser@https://registry.npmjs.org/@babel/parser/-/parser-7.29.9.tgz. Extracting by manifest.
866 silly tarball no local data for @babel/template@https://registry.npmjs.org/@babel/template/-/template-7.29.7.tgz. Extracting by manifest.
867 silly tarball no local data for gensync@https://registry.npmjs.org/gensync/-/gensync-1.0.0-beta.2.tgz. Extracting by manifest.
868 silly tarball no local data for @babel/helper-module-transforms@https://registry.npmjs.org/@babel/helper-module-transforms/-/helper-module-transforms-7.29.7.tgz. Extracting by manifest.
869 silly tarball no local data for @babel/code-frame@https://registry.npmjs.org/@babel/code-frame/-/code-frame-7.29.7.tgz. Extracting by manifest.
870 silly tarball no local data for @babel/generator@https://registry.npmjs.org/@babel/generator/-/generator-7.29.8.tgz. Extracting by manifest.
871 silly tarball no local data for @types/babel__core@https://registry.npmjs.org/@types/babel__core/-/babel__core-7.20.5.tgz. Extracting by manifest.
872 silly tarball no local data for @babel/traverse@https://registry.npmjs.org/@babel/traverse/-/traverse-7.29.8.tgz. Extracting by manifest.
873 silly tarball no local data for react-refresh@https://registry.npmjs.org/react-refresh/-/react-refresh-0.17.0.tgz. Extracting by manifest.
874 silly tarball no local data for @rolldown/pluginutils@https://registry.npmjs.org/@rolldown/pluginutils/-/pluginutils-1.0.0-beta.27.tgz. Extracting by manifest.
875 silly tarball no local data for @babel/helpers@https://registry.npmjs.org/@babel/helpers/-/helpers-7.29.7.tgz. Extracting by manifest.
876 silly tarball no local data for csstype@https://registry.npmjs.org/csstype/-/csstype-3.2.3.tgz. Extracting by manifest.
877 silly tarball no local data for @babel/helper-compilation-targets@https://registry.npmjs.org/@babel/helper-compilation-targets/-/helper-compilation-targets-7.29.7.tgz. Extracting by manifest.
878 silly tarball no local data for typescript@https://registry.npmjs.org/typescript/-/typescript-5.9.3.tgz. Extracting by manifest.
879 silly tarball no local data for @babel/plugin-transform-react-jsx-source@https://registry.npmjs.org/@babel/plugin-transform-react-jsx-source/-/plugin-transform-react-jsx-source-7.29.7.tgz. Extracting by manifest.
880 silly tarball no local data for react-dom@https://registry.npmjs.org/react-dom/-/react-dom-18.3.1.tgz. Extracting by manifest.
881 silly tarball no local data for @babel/plugin-transform-react-jsx-self@https://registry.npmjs.org/@babel/plugin-transform-react-jsx-self/-/plugin-transform-react-jsx-self-7.29.7.tgz. Extracting by manifest.
882 silly tarball no local data for @babel/core@https://registry.npmjs.org/@babel/core/-/core-7.29.7.tgz. Extracting by manifest.
883 silly tarball no local data for @types/prop-types@https://registry.npmjs.org/@types/prop-types/-/prop-types-15.7.15.tgz. Extracting by manifest.
884 silly tarball no local data for @vitejs/plugin-react@https://registry.npmjs.org/@vitejs/plugin-react/-/plugin-react-4.7.0.tgz. Extracting by manifest.
885 silly tarball no local data for vite@https://registry.npmjs.org/vite/-/vite-6.4.3.tgz. Extracting by manifest.
886 silly tarball no local data for react@https://registry.npmjs.org/react/-/react-18.3.1.tgz. Extracting by manifest.
887 silly tarball no local data for @types/react-dom@https://registry.npmjs.org/@types/react-dom/-/react-dom-18.3.7.tgz. Extracting by manifest.
888 silly tarball no local data for @types/react@https://registry.npmjs.org/@types/react/-/react-18.3.31.tgz. Extracting by manifest.
889 http fetch GET 200 https://registry.npmjs.org/escalade/-/escalade-3.2.0.tgz 188ms (cache miss)
890 http fetch GET 200 https://registry.npmjs.org/@types/estree/-/estree-1.0.9.tgz 189ms (cache miss)
891 http fetch GET 200 https://registry.npmjs.org/fdir/-/fdir-6.5.0.tgz 190ms (cache miss)
892 http fetch GET 200 https://registry.npmjs.org/nanoid/-/nanoid-3.3.19.tgz 192ms (cache miss)
893 http fetch GET 200 https://registry.npmjs.org/esbuild/-/esbuild-0.25.12.tgz 203ms (cache miss)
894 http fetch GET 200 https://registry.npmjs.org/source-map-js/-/source-map-js-1.2.1.tgz 210ms (cache miss)
895 http fetch GET 200 https://registry.npmjs.org/loose-envify/-/loose-envify-1.4.0.tgz 329ms (cache miss)
896 http fetch GET 200 https://registry.npmjs.org/node-releases/-/node-releases-2.0.57.tgz 352ms (cache miss)
897 http fetch GET 200 https://registry.npmjs.org/@types/babel__traverse/-/babel__traverse-7.28.0.tgz 372ms (cache miss)
898 http fetch GET 200 https://registry.npmjs.org/picomatch/-/picomatch-4.0.7.tgz 443ms (cache miss)
899 http fetch GET 200 https://registry.npmjs.org/@types/babel__generator/-/babel__generator-7.27.0.tgz 466ms (cache miss)
900 http fetch GET 200 https://registry.npmjs.org/@rollup/rollup-linux-arm64-gnu/-/rollup-linux-arm64-gnu-4.63.5.tgz 478ms (cache miss)
901 http fetch GET 200 https://registry.npmjs.org/rollup/-/rollup-4.63.5.tgz 507ms (cache miss)
902 http fetch GET 200 https://registry.npmjs.org/@types/babel__template/-/babel__template-7.4.4.tgz 575ms (cache miss)
903 http fetch GET 200 https://registry.npmjs.org/baseline-browser-mapping/-/baseline-browser-mapping-2.11.25.tgz 579ms (cache miss)
904 http fetch GET 200 https://registry.npmjs.org/lru-cache/-/lru-cache-5.1.1.tgz 580ms (cache miss)
905 http fetch GET 200 https://registry.npmjs.org/@babel/helper-string-parser/-/helper-string-parser-7.29.7.tgz 609ms (cache miss)
906 http fetch GET 200 https://registry.npmjs.org/@jridgewell/resolve-uri/-/resolve-uri-3.1.2.tgz 682ms (cache miss)
907 http fetch GET 200 https://registry.npmjs.org/@babel/helper-module-imports/-/helper-module-imports-7.29.7.tgz 686ms (cache miss)
908 http fetch GET 200 https://registry.npmjs.org/update-browserslist-db/-/update-browserslist-db-1.3.3.tgz 687ms (cache miss)
909 http fetch GET 200 https://registry.npmjs.org/scheduler/-/scheduler-0.23.2.tgz 718ms (cache miss)
910 http fetch GET 200 https://registry.npmjs.org/@babel/helper-globals/-/helper-globals-7.29.7.tgz 738ms (cache miss)
911 http fetch GET 200 https://registry.npmjs.org/@babel/compat-data/-/compat-data-7.29.7.tgz 741ms (cache miss)
912 http fetch GET 200 https://registry.npmjs.org/browserslist/-/browserslist-4.29.0.tgz 743ms (cache miss)
913 http fetch GET 200 https://registry.npmjs.org/jsesc/-/jsesc-3.1.0.tgz 744ms (cache miss)
914 http fetch GET 200 https://registry.npmjs.org/tinyglobby/-/tinyglobby-0.2.17.tgz 755ms (cache miss)
915 http fetch GET 200 https://registry.npmjs.org/@jridgewell/sourcemap-codec/-/sourcemap-codec-1.6.0.tgz 762ms (cache miss)
916 http fetch GET 200 https://registry.npmjs.org/js-tokens/-/js-tokens-4.0.0.tgz 822ms (cache miss)
917 http fetch GET 200 https://registry.npmjs.org/@babel/helper-validator-option/-/helper-validator-option-7.29.7.tgz 823ms (cache miss)
918 http fetch GET 200 https://registry.npmjs.org/@babel/helper-plugin-utils/-/helper-plugin-utils-7.29.7.tgz 825ms (cache miss)
919 http fetch GET 200 https://registry.npmjs.org/convert-source-map/-/convert-source-map-2.0.0.tgz 827ms (cache miss)
920 http fetch GET 200 https://registry.npmjs.org/debug/-/debug-4.4.3.tgz 835ms (cache miss)
921 http fetch GET 200 https://registry.npmjs.org/@jridgewell/trace-mapping/-/trace-mapping-0.3.31.tgz 865ms (cache miss)
922 http fetch GET 200 https://registry.npmjs.org/@esbuild/linux-arm64/-/linux-arm64-0.25.12.tgz 875ms (cache miss)
923 http fetch GET 200 https://registry.npmjs.org/postcss/-/postcss-8.5.28.tgz 879ms (cache miss)
924 http fetch GET 200 https://registry.npmjs.org/@babel/helper-validator-identifier/-/helper-validator-identifier-7.29.7.tgz 939ms (cache miss)
925 http fetch GET 200 https://registry.npmjs.org/ms/-/ms-2.1.3.tgz 952ms (cache miss)
926 http fetch GET 200 https://registry.npmjs.org/semver/-/semver-6.3.1.tgz 944ms (cache miss)
927 http fetch GET 200 https://registry.npmjs.org/yallist/-/yallist-3.1.1.tgz 954ms (cache miss)
928 http fetch GET 200 https://registry.npmjs.org/picocolors/-/picocolors-1.1.1.tgz 945ms (cache miss)
929 http fetch GET 200 https://registry.npmjs.org/gensync/-/gensync-1.0.0-beta.2.tgz 943ms (cache miss)
930 http fetch GET 200 https://registry.npmjs.org/electron-to-chromium/-/electron-to-chromium-1.5.438.tgz 967ms (cache miss)
931 http fetch GET 200 https://registry.npmjs.org/@jridgewell/gen-mapping/-/gen-mapping-0.3.13.tgz 961ms (cache miss)
932 http fetch GET 200 https://registry.npmjs.org/@babel/code-frame/-/code-frame-7.29.7.tgz 1021ms (cache miss)
933 http fetch GET 200 https://registry.npmjs.org/@types/babel__core/-/babel__core-7.20.5.tgz 1039ms (cache miss)
934 http fetch GET 200 https://registry.npmjs.org/@babel/helper-module-transforms/-/helper-module-transforms-7.29.7.tgz 1048ms (cache miss)
935 http fetch GET 200 https://registry.npmjs.org/@babel/template/-/template-7.29.7.tgz 1088ms (cache miss)
936 http fetch GET 200 https://registry.npmjs.org/@jridgewell/remapping/-/remapping-2.3.5.tgz 1100ms (cache miss)
937 http fetch GET 200 https://registry.npmjs.org/json5/-/json5-2.2.3.tgz 1102ms (cache miss)
938 http fetch GET 200 https://registry.npmjs.org/@rolldown/pluginutils/-/pluginutils-1.0.0-beta.27.tgz 1100ms (cache miss)
939 http fetch GET 200 https://registry.npmjs.org/@babel/helper-compilation-targets/-/helper-compilation-targets-7.29.7.tgz 1108ms (cache miss)
940 http fetch GET 200 https://registry.npmjs.org/react-refresh/-/react-refresh-0.17.0.tgz 1119ms (cache miss)
941 http fetch GET 200 https://registry.npmjs.org/caniuse-lite/-/caniuse-lite-1.0.30001812.tgz 1150ms (cache miss)
942 http fetch GET 200 https://registry.npmjs.org/@babel/plugin-transform-react-jsx-self/-/plugin-transform-react-jsx-self-7.29.7.tgz 1224ms (cache miss)
943 http fetch GET 200 https://registry.npmjs.org/@types/prop-types/-/prop-types-15.7.15.tgz 1226ms (cache miss)
944 http fetch GET 200 https://registry.npmjs.org/@babel/plugin-transform-react-jsx-source/-/plugin-transform-react-jsx-source-7.29.7.tgz 1228ms (cache miss)
945 http fetch GET 200 https://registry.npmjs.org/@types/react-dom/-/react-dom-18.3.7.tgz 1233ms (cache miss)
946 http fetch GET 200 https://registry.npmjs.org/@babel/parser/-/parser-7.29.9.tgz 1283ms (cache miss)
947 http fetch GET 200 https://registry.npmjs.org/@babel/traverse/-/traverse-7.29.8.tgz 1298ms (cache miss)
948 http fetch GET 200 https://registry.npmjs.org/react/-/react-18.3.1.tgz 1307ms (cache miss)
949 http fetch GET 200 https://registry.npmjs.org/@vitejs/plugin-react/-/plugin-react-4.7.0.tgz 1310ms (cache miss)
950 http fetch GET 200 https://registry.npmjs.org/@types/react/-/react-18.3.31.tgz 1324ms (cache miss)
951 http fetch GET 200 https://registry.npmjs.org/csstype/-/csstype-3.2.3.tgz 1344ms (cache miss)
952 http fetch GET 200 https://registry.npmjs.org/@babel/generator/-/generator-7.29.8.tgz 1381ms (cache miss)
953 http fetch GET 200 https://registry.npmjs.org/vite/-/vite-6.4.3.tgz 1518ms (cache miss)
954 http fetch GET 200 https://registry.npmjs.org/@babel/core/-/core-7.29.7.tgz 1519ms (cache miss)
955 http fetch GET 200 https://registry.npmjs.org/@babel/helpers/-/helpers-7.29.7.tgz 1524ms (cache miss)
956 http fetch GET 200 https://registry.npmjs.org/@babel/types/-/types-7.29.8.tgz 1556ms (cache miss)
957 http fetch GET 200 https://registry.npmjs.org/react-dom/-/react-dom-18.3.1.tgz 1720ms (cache miss)
958 http fetch GET 200 https://registry.npmjs.org/typescript/-/typescript-5.9.3.tgz 1877ms (cache miss)
959 info run esbuild@0.25.12 postinstall node_modules/esbuild node install.js
960 info run esbuild@0.25.12 postinstall { code: 0, signal: null }
961 silly ADD node_modules/@types/estree
962 silly ADD
963 silly ADD
964 silly ADD
965 silly ADD
966 silly ADD
967 silly ADD
968 silly ADD
969 silly ADD
970 silly ADD
971 silly ADD
972 silly ADD
973 silly ADD
974 silly ADD
975 silly ADD
976 silly ADD
977 silly ADD
978 silly ADD node_modules/@rollup/rollup-linux-arm64-gnu
979 silly ADD
980 silly ADD
981 silly ADD
982 silly ADD
983 silly ADD
984 silly ADD
985 silly ADD
986 silly ADD
987 silly ADD
988 silly ADD node_modules/source-map-js
989 silly ADD node_modules/nanoid
990 silly ADD
991 silly ADD
992 silly ADD
993 silly ADD
994 silly ADD
995 silly ADD
996 silly ADD
997 silly ADD
998 silly ADD
999 silly ADD
1000 silly ADD
1001 silly ADD
1002 silly ADD
1003 silly ADD
1004 silly ADD
1005 silly ADD
1006 silly ADD node_modules/@esbuild/linux-arm64
1007 silly ADD
1008 silly ADD
1009 silly ADD
1010 silly ADD
1011 silly ADD
1012 silly ADD
1013 silly ADD
1014 silly ADD
1015 silly ADD
1016 silly ADD node_modules/tinyglobby
1017 silly ADD node_modules/rollup
1018 silly ADD node_modules/postcss
1019 silly ADD node_modules/picomatch
1020 silly ADD
1021 silly ADD node_modules/fdir
1022 silly ADD node_modules/esbuild
1023 silly ADD node_modules/escalade
1024 silly ADD node_modules/scheduler
1025 silly ADD node_modules/loose-envify
1026 silly ADD node_modules/yallist
1027 silly ADD node_modules/ms
1028 silly ADD node_modules/update-browserslist-db
1029 silly ADD node_modules/node-releases
1030 silly ADD node_modules/electron-to-chromium
1031 silly ADD node_modules/caniuse-lite
1032 silly ADD node_modules/baseline-browser-mapping
1033 silly ADD node_modules/@types/babel__traverse
1034 silly ADD node_modules/@types/babel__template
1035 silly ADD node_modules/@types/babel__generator
1036 silly ADD node_modules/@jridgewell/resolve-uri
1037 silly ADD node_modules/@jridgewell/sourcemap-codec
1038 silly ADD node_modules/@babel/helper-string-parser
1039 silly ADD node_modules/@babel/helper-globals
1040 silly ADD node_modules/@babel/helper-plugin-utils
1041 silly ADD node_modules/@babel/helper-module-imports
1042 silly ADD node_modules/lru-cache
1043 silly ADD node_modules/browserslist
1044 silly ADD node_modules/@babel/helper-validator-option
1045 silly ADD node_modules/@babel/compat-data
1046 silly ADD node_modules/jsesc
1047 silly ADD node_modules/@jridgewell/trace-mapping
1048 silly ADD node_modules/@jridgewell/gen-mapping
1049 silly ADD node_modules/picocolors
1050 silly ADD node_modules/js-tokens
1051 silly ADD node_modules/@babel/helper-validator-identifier
1052 silly ADD node_modules/semver
1053 silly ADD node_modules/json5
1054 silly ADD node_modules/gensync
1055 silly ADD node_modules/debug
1056 silly ADD node_modules/convert-source-map
1057 silly ADD node_modules/@jridgewell/remapping
1058 silly ADD node_modules/@babel/types
1059 silly ADD node_modules/@babel/traverse
1060 silly ADD node_modules/@babel/template
1061 silly ADD node_modules/@babel/parser
1062 silly ADD node_modules/@babel/helpers
1063 silly ADD node_modules/@babel/helper-module-transforms
1064 silly ADD node_modules/@babel/helper-compilation-targets
1065 silly ADD node_modules/@babel/generator
1066 silly ADD node_modules/@babel/code-frame
1067 silly ADD node_modules/react-refresh
1068 silly ADD node_modules/@types/babel__core
1069 silly ADD node_modules/@rolldown/pluginutils
1070 silly ADD node_modules/@babel/plugin-transform-react-jsx-source
1071 silly ADD node_modules/@babel/plugin-transform-react-jsx-self
1072 silly ADD node_modules/@babel/core
1073 silly ADD node_modules/csstype
1074 silly ADD node_modules/@types/prop-types
1075 silly ADD node_modules/typescript
1076 silly ADD node_modules/react-dom
1077 silly ADD node_modules/react
1078 silly ADD node_modules/vite
1079 silly ADD node_modules/@vitejs/plugin-react
1080 silly ADD node_modules/@types/react-dom
1081 silly ADD node_modules/@types/react
1082 verbose cwd /workspace/frontend
1083 verbose os Linux 6.12.69-linuxkit
1084 verbose node v22.23.2
1085 verbose npm  v10.8.2
1086 notice
1086 notice New major version of npm available! 10.8.2 -> 12.1.0
1086 notice Changelog: https://github.com/npm/cli/releases/tag/v12.1.0
1086 notice To update run: npm install -g npm@12.1.0
1086 notice  { force: true, [Symbol(proc-log.meta)]: true }
1087 verbose exit 0
1088 info ok
